Archive member included to satisfy reference by file (symbol)

/usr/local/gcc-arm/bin/../lib/gcc/arm-none-eabi/6.3.1/../../../../arm-none-eabi/lib/thumb/v7e-m/fpv4-sp/hard/libc_nano.a(lib_a-exit.o)
                              /usr/local/gcc-arm/bin/../lib/gcc/arm-none-eabi/6.3.1/../../../../arm-none-eabi/lib/thumb/v7e-m/fpv4-sp/hard/crt0.o (exit)
/usr/local/gcc-arm/bin/../lib/gcc/arm-none-eabi/6.3.1/../../../../arm-none-eabi/lib/thumb/v7e-m/fpv4-sp/hard/libc_nano.a(lib_a-impure.o)
                              /usr/local/gcc-arm/bin/../lib/gcc/arm-none-eabi/6.3.1/../../../../arm-none-eabi/lib/thumb/v7e-m/fpv4-sp/hard/libc_nano.a(lib_a-exit.o) (_global_impure_ptr)
/usr/local/gcc-arm/bin/../lib/gcc/arm-none-eabi/6.3.1/../../../../arm-none-eabi/lib/thumb/v7e-m/fpv4-sp/hard/libc_nano.a(lib_a-init.o)
                              /usr/local/gcc-arm/bin/../lib/gcc/arm-none-eabi/6.3.1/../../../../arm-none-eabi/lib/thumb/v7e-m/fpv4-sp/hard/crt0.o (__libc_init_array)
/usr/local/gcc-arm/bin/../lib/gcc/arm-none-eabi/6.3.1/../../../../arm-none-eabi/lib/thumb/v7e-m/fpv4-sp/hard/libc_nano.a(lib_a-locale.o)
                              _build/nrf52840_xxaa/nrf_log_str_formatter.c.o (__locale_ctype_ptr)
/usr/local/gcc-arm/bin/../lib/gcc/arm-none-eabi/6.3.1/../../../../arm-none-eabi/lib/thumb/v7e-m/fpv4-sp/hard/libc_nano.a(lib_a-mbtowc_r.o)
                              /usr/local/gcc-arm/bin/../lib/gcc/arm-none-eabi/6.3.1/../../../../arm-none-eabi/lib/thumb/v7e-m/fpv4-sp/hard/libc_nano.a(lib_a-locale.o) (__ascii_mbtowc)
/usr/local/gcc-arm/bin/../lib/gcc/arm-none-eabi/6.3.1/../../../../arm-none-eabi/lib/thumb/v7e-m/fpv4-sp/hard/libc_nano.a(lib_a-memcmp.o)
                              _build/nrf52840_xxaa/ble_advdata.c.o (memcmp)
/usr/local/gcc-arm/bin/../lib/gcc/arm-none-eabi/6.3.1/../../../../arm-none-eabi/lib/thumb/v7e-m/fpv4-sp/hard/libc_nano.a(lib_a-memcpy-stub.o)
                              _build/nrf52840_xxaa/nrf_log_frontend.c.o (memcpy)
/usr/local/gcc-arm/bin/../lib/gcc/arm-none-eabi/6.3.1/../../../../arm-none-eabi/lib/thumb/v7e-m/fpv4-sp/hard/libc_nano.a(lib_a-memset.o)
                              /usr/local/gcc-arm/bin/../lib/gcc/arm-none-eabi/6.3.1/../../../../arm-none-eabi/lib/thumb/v7e-m/fpv4-sp/hard/crt0.o (memset)
/usr/local/gcc-arm/bin/../lib/gcc/arm-none-eabi/6.3.1/../../../../arm-none-eabi/lib/thumb/v7e-m/fpv4-sp/hard/libc_nano.a(lib_a-sprintf.o)
                              _build/nrf52840_xxaa/main.c.o (sprintf)
/usr/local/gcc-arm/bin/../lib/gcc/arm-none-eabi/6.3.1/../../../../arm-none-eabi/lib/thumb/v7e-m/fpv4-sp/hard/libc_nano.a(lib_a-strcmp.o)
                              /usr/local/gcc-arm/bin/../lib/gcc/arm-none-eabi/6.3.1/../../../../arm-none-eabi/lib/thumb/v7e-m/fpv4-sp/hard/libc_nano.a(lib_a-locale.o) (strcmp)
/usr/local/gcc-arm/bin/../lib/gcc/arm-none-eabi/6.3.1/../../../../arm-none-eabi/lib/thumb/v7e-m/fpv4-sp/hard/libc_nano.a(lib_a-strcpy.o)
                              _build/nrf52840_xxaa/SEGGER_RTT.c.o (strcpy)
/usr/local/gcc-arm/bin/../lib/gcc/arm-none-eabi/6.3.1/../../../../arm-none-eabi/lib/thumb/v7e-m/fpv4-sp/hard/libc_nano.a(lib_a-strlen.o)
                              _build/nrf52840_xxaa/nrf_log_frontend.c.o (strlen)
/usr/local/gcc-arm/bin/../lib/gcc/arm-none-eabi/6.3.1/../../../../arm-none-eabi/lib/thumb/v7e-m/fpv4-sp/hard/libc_nano.a(lib_a-vsprintf.o)
                              _build/nrf52840_xxaa/main.c.o (vsprintf)
/usr/local/gcc-arm/bin/../lib/gcc/arm-none-eabi/6.3.1/../../../../arm-none-eabi/lib/thumb/v7e-m/fpv4-sp/hard/libc_nano.a(lib_a-wctomb_r.o)
                              /usr/local/gcc-arm/bin/../lib/gcc/arm-none-eabi/6.3.1/../../../../arm-none-eabi/lib/thumb/v7e-m/fpv4-sp/hard/libc_nano.a(lib_a-locale.o) (__ascii_wctomb)
/usr/local/gcc-arm/bin/../lib/gcc/arm-none-eabi/6.3.1/../../../../arm-none-eabi/lib/thumb/v7e-m/fpv4-sp/hard/libc_nano.a(lib_a-ctype_.o)
                              /usr/local/gcc-arm/bin/../lib/gcc/arm-none-eabi/6.3.1/../../../../arm-none-eabi/lib/thumb/v7e-m/fpv4-sp/hard/libc_nano.a(lib_a-locale.o) (_ctype_)
/usr/local/gcc-arm/bin/../lib/gcc/arm-none-eabi/6.3.1/../../../../arm-none-eabi/lib/thumb/v7e-m/fpv4-sp/hard/libc_nano.a(lib_a-nano-svfprintf.o)
                              /usr/local/gcc-arm/bin/../lib/gcc/arm-none-eabi/6.3.1/../../../../arm-none-eabi/lib/thumb/v7e-m/fpv4-sp/hard/libc_nano.a(lib_a-sprintf.o) (_svfprintf_r)
/usr/local/gcc-arm/bin/../lib/gcc/arm-none-eabi/6.3.1/../../../../arm-none-eabi/lib/thumb/v7e-m/fpv4-sp/hard/libc_nano.a(lib_a-nano-vfprintf_i.o)
                              /usr/local/gcc-arm/bin/../lib/gcc/arm-none-eabi/6.3.1/../../../../arm-none-eabi/lib/thumb/v7e-m/fpv4-sp/hard/libc_nano.a(lib_a-nano-svfprintf.o) (_printf_i)
/usr/local/gcc-arm/bin/../lib/gcc/arm-none-eabi/6.3.1/../../../../arm-none-eabi/lib/thumb/v7e-m/fpv4-sp/hard/libc_nano.a(lib_a-memchr.o)
[...]
Memory Configuration

Name             Origin             Length             Attributes
FLASH            0x0000000000026000 0x00000000000da000 xr
RAM              0x0000000020002a98 0x000000000003d568 xrw
*default*        0x0000000000000000 0xffffffffffffffff

Linker script and memory map


.text           0x0000000000026000     0xbccc
 *(.isr_vector)
 .isr_vector    0x0000000000026000      0x200 _build/nrf52840_xxaa/gcc_startup_nrf52840.S.o
                0x0000000000026000                __isr_vector
 *(.text*)
 .text          0x0000000000026200       0x6c /usr/local/gcc-arm/bin/../lib/gcc/arm-none-eabi/6.3.1/thumb/v7e-m/fpv4-sp/hard/crtbegin.o
 .text          0x000000000002626c       0x74 /usr/local/gcc-arm/bin/../lib/gcc/arm-none-eabi/6.3.1/../../../../arm-none-eabi/lib/thumb/v7e-m/fpv4-sp/hard/crt0.o
                0x000000000002626c                _mainCRTStartup
                0x000000000002626c                _start
 .text          0x00000000000262e0       0x3c _build/nrf52840_xxaa/gcc_startup_nrf52840.S.o
                0x00000000000262e0                Reset_Handler
                0x0000000000026308                NMI_Handler
                0x000000000002630a                HardFault_Handler
                0x000000000002630c                MemoryManagement_Handler
                0x000000000002630e                BusFault_Handler
                0x0000000000026310                UsageFault_Handler
                0x0000000000026312                SVC_Handler
                0x0000000000026314                DebugMon_Handler
                0x0000000000026316                PendSV_Handler
                0x0000000000026318                SysTick_Handler
                0x000000000002631a                USBD_IRQHandler
                0x000000000002631a                TIMER4_IRQHandler
                0x000000000002631a                CRYPTOCELL_IRQHandler
                0x000000000002631a                I2S_IRQHandler
                0x000000000002631a                SWI4_EGU4_IRQHandler
                0x000000000002631a                TIMER0_IRQHandler
                0x000000000002631a                UARTE1_IRQHandler
                0x000000000002631a                TIMER1_IRQHandler
                0x000000000002631a                SPIM3_IRQHandler
                0x000000000002631a                PWM2_IRQHandler
                0x000000000002631a                ECB_IRQHandler
                0x000000000002631a                SPIM1_SPIS1_TWIM1_TWIS1_SPI1_TWI1_IRQHandler
                0x000000000002631a                Default_Handler
                0x000000000002631a                CCM_AAR_IRQHandler
                0x000000000002631a                WDT_IRQHandler
                0x000000000002631a                SWI5_EGU5_IRQHandler
                0x000000000002631a                RNG_IRQHandler
                0x000000000002631a                RTC2_IRQHandler
                0x000000000002631a                PWM0_IRQHandler
                0x000000000002631a                SWI3_EGU3_IRQHandler
                0x000000000002631a                SWI1_EGU1_IRQHandler
                0x000000000002631a                SPIM2_SPIS2_SPI2_IRQHandler
                0x000000000002631a                NFCT_IRQHandler
                0x000000000002631a                MWU_IRQHandler
                0x000000000002631a                QSPI_IRQHandler
                0x000000000002631a                TIMER2_IRQHandler
                0x000000000002631a                COMP_LPCOMP_IRQHandler
                0x000000000002631a                RTC0_IRQHandler
                0x000000000002631a                PWM1_IRQHandler
                0x000000000002631a                RADIO_IRQHandler
                0x000000000002631a                PDM_IRQHandler
                0x000000000002631a                TEMP_IRQHandler
                0x000000000002631a                QDEC_IRQHandler
                0x000000000002631a                TIMER3_IRQHandler
                0x000000000002631a                PWM3_IRQHandler
                0x000000000002631a                FPU_IRQHandler
 .text.nrf_log_backend_rtt_panic_set
                0x000000000002631c        0x4 _build/nrf52840_xxaa/nrf_log_backend_rtt.c.o
 .text.nrf_log_backend_rtt_put
                0x0000000000026320       0x20 _build/nrf52840_xxaa/nrf_log_backend_rtt.c.o
 .text.serial_tx
                0x0000000000026340       0x54 _build/nrf52840_xxaa/nrf_log_backend_rtt.c.o
 .text.nrf_log_backend_rtt_flush
                0x0000000000026394        0x4 _build/nrf52840_xxaa/nrf_log_backend_rtt.c.o
 .text.nrf_log_backend_rtt_init
                0x0000000000026398        0x4 _build/nrf52840_xxaa/nrf_log_backend_rtt.c.o
                0x0000000000026398                nrf_log_backend_rtt_init
 .text.nrf_log_backend_serial_put
                0x000000000002639c       0xcc _build/nrf52840_xxaa/nrf_log_backend_serial.c.o
                0x000000000002639c                nrf_log_backend_serial_put
 .text.nrf_log_default_backends_init
                0x0000000000026468       0x20 _build/nrf52840_xxaa/nrf_log_default_backends.c.o
                0x0000000000026468                nrf_log_default_backends_init
 .text.log_skip
                0x0000000000026488       0xd8 _build/nrf52840_xxaa/nrf_log_frontend.c.o
 .text.nrf_log_init
                0x0000000000026560       0x3c _build/nrf52840_xxaa/nrf_log_frontend.c.o
                0x0000000000026560                nrf_log_init
 .text.nrf_log_module_name_get
                0x000000000002659c       0x54 _build/nrf52840_xxaa/nrf_log_frontend.c.o
                0x000000000002659c                nrf_log_module_name_get
 .text.nrf_log_color_id_get
                0x00000000000265f0       0x2c _build/nrf52840_xxaa/nrf_log_frontend.c.o
                0x00000000000265f0                nrf_log_color_id_get
 .text.nrf_log_frontend_dequeue
                0x000000000002661c      0x270 _build/nrf52840_xxaa/nrf_log_frontend.c.o
                0x000000000002661c                nrf_log_frontend_dequeue
 .text.nrf_log_frontend_std_0
                0x000000000002688c       0xf4 _build/nrf52840_xxaa/nrf_log_frontend.c.o
                0x000000000002688c                nrf_log_frontend_std_0
 .text.nrf_log_frontend_std_1
                0x0000000000026980       0xf4 _build/nrf52840_xxaa/nrf_log_frontend.c.o
                0x0000000000026980                nrf_log_frontend_std_1
 .text.nrf_log_frontend_std_2
                0x0000000000026a74      0x108 _build/nrf52840_xxaa/nrf_log_frontend.c.o
                0x0000000000026a74                nrf_log_frontend_std_2
 .text.nrf_log_frontend_std_5
                0x0000000000026b7c      0x148 _build/nrf52840_xxaa/nrf_log_frontend.c.o
                0x0000000000026b7c                nrf_log_frontend_std_5
 .text.nrf_log_backend_add
                0x0000000000026cc4       0x64 _build/nrf52840_xxaa/nrf_log_frontend.c.o
                0x0000000000026cc4                nrf_log_backend_add
 .text.nrf_log_panic
                0x0000000000026d28       0x2c _build/nrf52840_xxaa/nrf_log_frontend.c.o
                0x0000000000026d28                nrf_log_panic
 .text.nrf_log_std_entry_process
                0x0000000000026d54      0x14c _build/nrf52840_xxaa/nrf_log_str_formatter.c.o
                0x0000000000026d54                nrf_log_std_entry_process
 .text.nrf_log_hexdump_entry_process
                0x0000000000026ea0      0x164 _build/nrf52840_xxaa/nrf_log_str_formatter.c.o
                0x0000000000026ea0                nrf_log_hexdump_entry_process
 .text.detection_delay_timeout_handler
                0x0000000000027004      0x120 _build/nrf52840_xxaa/app_button.c.o
 .text.gpiote_event_handler
                0x0000000000027124       0x98 _build/nrf52840_xxaa/app_button.c.o
 .text.app_button_init
                0x00000000000271bc       0xb0 _build/nrf52840_xxaa/app_button.c.o
                0x00000000000271bc                app_button_init
 .text.app_button_enable
                0x000000000002726c       0x2c _build/nrf52840_xxaa/app_button.c.o
                0x000000000002726c                app_button_enable
 .text.app_error_handler
                0x0000000000027298       0x1c _build/nrf52840_xxaa/app_error_handler_gcc.c.o
                0x0000000000027298                app_error_handler
 .text.app_fifo_init
                0x00000000000272b4       0x20 _build/nrf52840_xxaa/app_fifo.c.o
                0x00000000000272b4                app_fifo_init
 .text.app_fifo_put
                0x00000000000272d4       0x30 _build/nrf52840_xxaa/app_fifo.c.o
                0x00000000000272d4                app_fifo_put
 .text.app_fifo_get
                0x0000000000027304       0x2c _build/nrf52840_xxaa/app_fifo.c.o
                0x0000000000027304                app_fifo_get
 .text.RTC1_IRQHandler
                0x0000000000027330       0xa0 _build/nrf52840_xxaa/app_timer.c.o
                0x0000000000027330                RTC1_IRQHandler
 .text.SWI0_EGU0_IRQHandler
                0x00000000000273d0      0x3e0 _build/nrf52840_xxaa/app_timer.c.o
                0x00000000000273d0                SWI0_EGU0_IRQHandler
 .text.app_timer_init
                0x00000000000277b0       0xa8 _build/nrf52840_xxaa/app_timer.c.o
                0x00000000000277b0                app_timer_init
 .text.app_timer_create
                0x0000000000027858       0x24 _build/nrf52840_xxaa/app_timer.c.o
                0x0000000000027858                app_timer_create
 .text.app_timer_start
                0x000000000002787c       0xac _build/nrf52840_xxaa/app_timer.c.o
                0x000000000002787c                app_timer_start
 .text.app_timer_stop
                0x0000000000027928       0x78 _build/nrf52840_xxaa/app_timer.c.o
                0x0000000000027928                app_timer_stop
 .text.uart_event_handler
                0x00000000000279a0      0x114 _build/nrf52840_xxaa/app_uart_fifo.c.o
 .text.app_uart_init
                0x0000000000027ab4       0xf4 _build/nrf52840_xxaa/app_uart_fifo.c.o
                0x0000000000027ab4                app_uart_init
 .text.app_uart_get
                0x0000000000027ba8       0x68 _build/nrf52840_xxaa/app_uart_fifo.c.o
                0x0000000000027ba8                app_uart_get
 .text.app_uart_put
                0x0000000000027c10       0x78 _build/nrf52840_xxaa/app_uart_fifo.c.o
                0x0000000000027c10                app_uart_put
 .text.app_util_critical_region_enter
                0x0000000000027c88       0x4c _build/nrf52840_xxaa/app_util_platform.c.o
                0x0000000000027c88                app_util_critical_region_enter
 .text.app_util_critical_region_exit
                0x0000000000027cd4       0x30 _build/nrf52840_xxaa/app_util_platform.c.o
                0x0000000000027cd4                app_util_critical_region_exit
 .text.nrf_atflags_set
                0x0000000000027d04       0x14 _build/nrf52840_xxaa/nrf_atflags.c.o
                0x0000000000027d04                nrf_atflags_set
 .text.nrf_atflags_clear
                0x0000000000027d18       0x14 _build/nrf52840_xxaa/nrf_atflags.c.o
                0x0000000000027d18                nrf_atflags_clear
 .text.nrf_atflags_get
                0x0000000000027d2c       0x14 _build/nrf52840_xxaa/nrf_atflags.c.o
                0x0000000000027d2c                nrf_atflags_get
 .text.nrf_atomic_u32_fetch_store
                0x0000000000027d40       0x18 _build/nrf52840_xxaa/nrf_atomic.c.o
                0x0000000000027d40                nrf_atomic_u32_fetch_store
 .text.nrf_atomic_u32_or
                0x0000000000027d58       0x1c _build/nrf52840_xxaa/nrf_atomic.c.o
                0x0000000000027d58                nrf_atomic_u32_or
 .text.nrf_atomic_u32_and
                0x0000000000027d74       0x1c _build/nrf52840_xxaa/nrf_atomic.c.o
                0x0000000000027d74                nrf_atomic_u32_and
 .text.nrf_atomic_u32_add
                0x0000000000027d90       0x1c _build/nrf52840_xxaa/nrf_atomic.c.o
                0x0000000000027d90                nrf_atomic_u32_add
 .text.nrf_atomic_u32_sub
                0x0000000000027dac       0x1c _build/nrf52840_xxaa/nrf_atomic.c.o
                0x0000000000027dac                nrf_atomic_u32_sub
 .text.nrf_atomic_flag_set
                0x0000000000027dc8       0x1c _build/nrf52840_xxaa/nrf_atomic.c.o
                0x0000000000027dc8                nrf_atomic_flag_set
 .text.nrf_atomic_flag_clear_fetch
                0x0000000000027de4       0x1c _build/nrf52840_xxaa/nrf_atomic.c.o
                0x0000000000027de4                nrf_atomic_flag_clear_fetch
 .text.nrf_balloc_init
                0x0000000000027e00       0x38 _build/nrf52840_xxaa/nrf_balloc.c.o
                0x0000000000027e00                nrf_balloc_init
 .text.nrf_balloc_alloc
                0x0000000000027e38       0x50 _build/nrf52840_xxaa/nrf_balloc.c.o
                0x0000000000027e38                nrf_balloc_alloc
 .text.nrf_balloc_free
                0x0000000000027e88       0x38 _build/nrf52840_xxaa/nrf_balloc.c.o
                0x0000000000027e88                nrf_balloc_free
 .text.nrf_fprintf_buffer_flush
                0x0000000000027ec0       0x18 _build/nrf52840_xxaa/nrf_fprintf.c.o
                0x0000000000027ec0                nrf_fprintf_buffer_flush
 .text.nrf_fprintf
                0x0000000000027ed8       0x20 _build/nrf52840_xxaa/nrf_fprintf.c.o
                0x0000000000027ed8                nrf_fprintf
 .text.unsigned_print
                0x0000000000027ef8      0x13c _build/nrf52840_xxaa/nrf_fprintf_format.c.o
 .text.nrf_fprintf_fmt
                0x0000000000028034      0x580 _build/nrf52840_xxaa/nrf_fprintf_format.c.o
                0x0000000000028034                nrf_fprintf_fmt
 .text.nrf_memobj_pool_init
                0x00000000000285b4        0x4 _build/nrf52840_xxaa/nrf_memobj.c.o
                0x00000000000285b4                nrf_memobj_pool_init
 .text.nrf_memobj_alloc
                0x00000000000285b8       0x90 _build/nrf52840_xxaa/nrf_memobj.c.o
                0x00000000000285b8                nrf_memobj_alloc
 .text.nrf_memobj_get
                0x0000000000028648        0x8 _build/nrf52840_xxaa/nrf_memobj.c.o
                0x0000000000028648                nrf_memobj_get
 .text.nrf_memobj_put
                0x0000000000028650       0x44 _build/nrf52840_xxaa/nrf_memobj.c.o
                0x0000000000028650                nrf_memobj_put
 .text.nrf_memobj_write
                0x0000000000028694       0x6c _build/nrf52840_xxaa/nrf_memobj.c.o
                0x0000000000028694                nrf_memobj_write
 .text.nrf_memobj_read
                0x0000000000028700       0x6c _build/nrf52840_xxaa/nrf_memobj.c.o
                0x0000000000028700                nrf_memobj_read
 .text.sd_app_evt_wait
                0x000000000002876c        0x4 _build/nrf52840_xxaa/nrf_pwr_mgmt.c.o
 .text.nrf_pwr_mgmt_init
                0x0000000000028770       0x2c _build/nrf52840_xxaa/nrf_pwr_mgmt.c.o
                0x0000000000028770                nrf_pwr_mgmt_init
 .text.nrf_pwr_mgmt_run
                0x000000000002879c       0x50 _build/nrf52840_xxaa/nrf_pwr_mgmt.c.o
                0x000000000002879c                nrf_pwr_mgmt_run
 .text.nrf_ringbuf_init
                0x00000000000287ec       0x1c _build/nrf52840_xxaa/nrf_ringbuf.c.o
                0x00000000000287ec                nrf_ringbuf_init
 .text.nrf_section_iter_init
                0x0000000000028808       0x14 _build/nrf52840_xxaa/nrf_section_iter.c.o
                0x0000000000028808                nrf_section_iter_init
 .text.nrf_section_iter_next
                0x000000000002881c       0x18 _build/nrf52840_xxaa/nrf_section_iter.c.o
                0x000000000002881c                nrf_section_iter_next
 .text.nrf_strerror_get
                0x0000000000028834       0x6c _build/nrf52840_xxaa/nrf_strerror.c.o
                0x0000000000028834                nrf_strerror_get
 .text.twim_evt_handler
                0x00000000000288a0       0x48 _build/nrf52840_xxaa/nrf_drv_twi.c.o
 .text.nrf_drv_twi_init
                0x00000000000288e8      0x17c _build/nrf52840_xxaa/nrf_drv_twi.c.o
                0x00000000000288e8                nrf_drv_twi_init
 .text.SystemInit
                0x0000000000028a64      0x1c4 _build/nrf52840_xxaa/system_nrf52840.c.o
                0x0000000000028a64                SystemInit
 .text.bsp_board_led_state_get
                0x0000000000028c28       0x28 _build/nrf52840_xxaa/boards.c.o
                0x0000000000028c28                bsp_board_led_state_get
 .text.bsp_board_led_on
                0x0000000000028c50       0x28 _build/nrf52840_xxaa/boards.c.o
                0x0000000000028c50                bsp_board_led_on
 .text.bsp_board_led_off
                0x0000000000028c78       0x28 _build/nrf52840_xxaa/boards.c.o
                0x0000000000028c78                bsp_board_led_off
 .text.bsp_board_leds_off
                0x0000000000028ca0       0x18 _build/nrf52840_xxaa/boards.c.o
                0x0000000000028ca0                bsp_board_leds_off
 .text.bsp_board_leds_on
                0x0000000000028cb8       0x18 _build/nrf52840_xxaa/boards.c.o
                0x0000000000028cb8                bsp_board_leds_on
 .text.bsp_board_led_invert
                0x0000000000028cd0       0x34 _build/nrf52840_xxaa/boards.c.o
                0x0000000000028cd0                bsp_board_led_invert
 .text.bsp_board_button_state_get
                0x0000000000028d04       0x28 _build/nrf52840_xxaa/boards.c.o
                0x0000000000028d04                bsp_board_button_state_get
 .text.bsp_board_pin_to_button_idx
                0x0000000000028d2c       0x14 _build/nrf52840_xxaa/boards.c.o
                0x0000000000028d2c                bsp_board_pin_to_button_idx
 .text.bsp_board_button_idx_to_pin
                0x0000000000028d40        0xc _build/nrf52840_xxaa/boards.c.o
                0x0000000000028d40                bsp_board_button_idx_to_pin
 .text.bsp_board_init
                0x0000000000028d4c       0x50 _build/nrf52840_xxaa/boards.c.o
                0x0000000000028d4c                bsp_board_init
 .text.clock_irq_handler
                0x0000000000028d9c       0x40 _build/nrf52840_xxaa/nrf_drv_clock.c.o
 .text.soc_evt_handler
                0x0000000000028ddc       0x24 _build/nrf52840_xxaa/nrf_drv_clock.c.o
 .text.sd_state_evt_handler
                0x0000000000028e00       0xa0 _build/nrf52840_xxaa/nrf_drv_clock.c.o
 .text.uarte_evt_handler
                0x0000000000028ea0       0x34 _build/nrf52840_xxaa/nrf_drv_uart.c.o
 .text.uart_evt_handler
                0x0000000000028ed4       0x34 _build/nrf52840_xxaa/nrf_drv_uart.c.o
 .text.nrf_drv_uart_init
                0x0000000000028f08       0x88 _build/nrf52840_xxaa/nrf_drv_uart.c.o
                0x0000000000028f08                nrf_drv_uart_init
 .text.nrfx_clock_init
                0x0000000000028f90       0x1c _build/nrf52840_xxaa/nrfx_clock.c.o
                0x0000000000028f90                nrfx_clock_init
 .text.nrfx_clock_enable
                0x0000000000028fac       0x24 _build/nrf52840_xxaa/nrfx_clock.c.o
                0x0000000000028fac                nrfx_clock_enable
 .text.nrfx_clock_lfclk_stop
                0x0000000000028fd0       0x18 _build/nrf52840_xxaa/nrfx_clock.c.o
                0x0000000000028fd0                nrfx_clock_lfclk_stop
 .text.POWER_CLOCK_IRQHandler
                0x0000000000028fe8       0x60 _build/nrf52840_xxaa/nrfx_clock.c.o
                0x0000000000028fe8                POWER_CLOCK_IRQHandler
 .text.nrfx_gpiote_init
                0x0000000000029048       0xa0 _build/nrf52840_xxaa/nrfx_gpiote.c.o
                0x0000000000029048                nrfx_gpiote_init
 .text.nrfx_gpiote_is_init
                0x00000000000290e8       0x14 _build/nrf52840_xxaa/nrfx_gpiote.c.o
                0x00000000000290e8                nrfx_gpiote_is_init
 .text.nrfx_gpiote_in_init
                0x00000000000290fc      0x1c4 _build/nrf52840_xxaa/nrfx_gpiote.c.o
                0x00000000000290fc                nrfx_gpiote_in_init
 .text.nrfx_gpiote_in_event_enable
                0x00000000000292c0       0xf8 _build/nrf52840_xxaa/nrfx_gpiote.c.o
                0x00000000000292c0                nrfx_gpiote_in_event_enable
 .text.nrfx_gpiote_in_is_set
                0x00000000000293b8       0x20 _build/nrf52840_xxaa/nrfx_gpiote.c.o
                0x00000000000293b8                nrfx_gpiote_in_is_set
 .text.GPIOTE_IRQHandler
                0x00000000000293d8      0x5f4 _build/nrf52840_xxaa/nrfx_gpiote.c.o
                0x00000000000293d8                GPIOTE_IRQHandler
 .text.UARTE0_UART0_IRQHandler
                0x00000000000299cc        0xc _build/nrf52840_xxaa/nrfx_prs.c.o
                0x00000000000299cc                UARTE0_UART0_IRQHandler
 .text.nrfx_prs_acquire
                0x00000000000299d8       0x4c _build/nrf52840_xxaa/nrfx_prs.c.o
                0x00000000000299d8                nrfx_prs_acquire
 .text.SPIM0_SPIS0_TWIM0_TWIS0_SPI0_TWI0_IRQHandler
                0x0000000000029a24      0x17c _build/nrf52840_xxaa/nrfx_twim.c.o
                0x0000000000029a24                SPIM0_SPIS0_TWIM0_TWIS0_SPI0_TWI0_IRQHandler
 .text.nrfx_twim_init
                0x0000000000029ba0      0x11c _build/nrf52840_xxaa/nrfx_twim.c.o
                0x0000000000029ba0                nrfx_twim_init
 .text.nrfx_twim_enable
                0x0000000000029cbc       0x20 _build/nrf52840_xxaa/nrfx_twim.c.o
                0x0000000000029cbc                nrfx_twim_enable
 .text.nrfx_twim_tx
                0x0000000000029cdc      0x184 _build/nrf52840_xxaa/nrfx_twim.c.o
                0x0000000000029cdc                nrfx_twim_tx
 .text.nrfx_twim_rx
                0x0000000000029e60      0x14c _build/nrf52840_xxaa/nrfx_twim.c.o
                0x0000000000029e60                nrfx_twim_rx
 .text.nrfx_uart_0_irq_handler
                0x0000000000029fac      0x1c4 _build/nrf52840_xxaa/nrfx_uart.c.o
                0x0000000000029fac                nrfx_uart_0_irq_handler
 .text.nrfx_uart_init
                0x000000000002a170      0x1dc _build/nrf52840_xxaa/nrfx_uart.c.o
                0x000000000002a170                nrfx_uart_init
 .text.nrfx_uart_tx
                0x000000000002a34c       0xc8 _build/nrf52840_xxaa/nrfx_uart.c.o
                0x000000000002a34c                nrfx_uart_tx
 .text.nrfx_uart_tx_in_progress
                0x000000000002a414       0x18 _build/nrf52840_xxaa/nrfx_uart.c.o
                0x000000000002a414                nrfx_uart_tx_in_progress
 .text.nrfx_uart_rx
                0x000000000002a42c      0x158 _build/nrf52840_xxaa/nrfx_uart.c.o
                0x000000000002a42c                nrfx_uart_rx
 .text.nrfx_uarte_0_irq_handler
                0x000000000002a584      0x12c _build/nrf52840_xxaa/nrfx_uarte.c.o
                0x000000000002a584                nrfx_uarte_0_irq_handler
 .text.nrfx_uarte_init
                0x000000000002a6b0      0x21c _build/nrf52840_xxaa/nrfx_uarte.c.o
                0x000000000002a6b0                nrfx_uarte_init
 .text.nrfx_uarte_tx
                0x000000000002a8cc       0x98 _build/nrf52840_xxaa/nrfx_uarte.c.o
                0x000000000002a8cc                nrfx_uarte_tx
 .text.nrfx_uarte_tx_in_progress
                0x000000000002a964       0x1c _build/nrf52840_xxaa/nrfx_uarte.c.o
                0x000000000002a964                nrfx_uarte_tx_in_progress
 .text.nrfx_uarte_rx
                0x000000000002a980      0x12c _build/nrf52840_xxaa/nrfx_uarte.c.o
                0x000000000002a980                nrfx_uarte_rx
 .text.alert_timer_handler
                0x000000000002aaac        0x8 _build/nrf52840_xxaa/bsp.c.o
 .text.bsp_button_event_handler
                0x000000000002aab4       0xa8 _build/nrf52840_xxaa/bsp.c.o
 .text.button_timer_handler
                0x000000000002ab5c       0x34 _build/nrf52840_xxaa/bsp.c.o
 .text.leds_timer_handler
                0x000000000002ab90      0x2c8 _build/nrf52840_xxaa/bsp.c.o
 .text.bsp_button_is_pressed
                0x000000000002ae58        0xc _build/nrf52840_xxaa/bsp.c.o
                0x000000000002ae58                bsp_button_is_pressed
 .text.bsp_indication_set
                0x000000000002ae64      0x308 _build/nrf52840_xxaa/bsp.c.o
                0x000000000002ae64                bsp_indication_set
 .text.bsp_init
                0x000000000002b16c       0xb8 _build/nrf52840_xxaa/bsp.c.o
                0x000000000002b16c                bsp_init
 .text.bsp_event_to_button_action_assign
                0x000000000002b224       0x50 _build/nrf52840_xxaa/bsp.c.o
                0x000000000002b224                bsp_event_to_button_action_assign
 .text.bsp_wakeup_button_enable
                0x000000000002b274       0x40 _build/nrf52840_xxaa/bsp.c.o
                0x000000000002b274                bsp_wakeup_button_enable
 .text.ble_evt_handler
                0x000000000002b2b4       0xb0 _build/nrf52840_xxaa/bsp_btn_ble.c.o
 .text.bsp_btn_ble_sleep_mode_prepare
                0x000000000002b364       0x24 _build/nrf52840_xxaa/bsp_btn_ble.c.o
                0x000000000002b364                bsp_btn_ble_sleep_mode_prepare
 .text.bsp_btn_ble_init
                0x000000000002b388       0x70 _build/nrf52840_xxaa/bsp_btn_ble.c.o
                0x000000000002b388                bsp_btn_ble_init
 .text.SAADC_IRQHandler
                0x000000000002b3f8      0x1c4 _build/nrf52840_xxaa/nrfx_saadc.c.o
                0x000000000002b3f8                SAADC_IRQHandler
 .text.nrfx_saadc_init
                0x000000000002b5bc       0xa4 _build/nrf52840_xxaa/nrfx_saadc.c.o
                0x000000000002b5bc                nrfx_saadc_init
 .text.nrfx_saadc_channel_init
                0x000000000002b660       0x98 _build/nrf52840_xxaa/nrfx_saadc.c.o
                0x000000000002b660                nrfx_saadc_channel_init
 .text.nrfx_saadc_buffer_convert
                0x000000000002b6f8       0xc0 _build/nrf52840_xxaa/nrfx_saadc.c.o
                0x000000000002b6f8                nrfx_saadc_buffer_convert
 .text.nrfx_saadc_sample
                0x000000000002b7b8       0x30 _build/nrf52840_xxaa/nrfx_saadc.c.o
                0x000000000002b7b8                nrfx_saadc_sample
 .text.sd_ble_gap_disconnect
                0x000000000002b7e8        0x4 _build/nrf52840_xxaa/main.c.o
 .text.sd_ble_gap_ppcp_set
                0x000000000002b7ec        0x4 _build/nrf52840_xxaa/main.c.o
 .text.sd_ble_gap_device_name_set
                0x000000000002b7f0        0x4 _build/nrf52840_xxaa/main.c.o
 .text.sd_ble_gap_sec_params_reply
                0x000000000002b7f4        0x4 _build/nrf52840_xxaa/main.c.o
 .text.sd_ble_gap_phy_update
                0x000000000002b7f8        0x4 _build/nrf52840_xxaa/main.c.o
 .text.sd_ble_gatts_sys_attr_set
                0x000000000002b7fc        0x4 _build/nrf52840_xxaa/main.c.o
 .text.sd_power_system_off
                0x000000000002b800        0x4 _build/nrf52840_xxaa/main.c.o
 .text.vInterruptHandler
                0x000000000002b804        0xc _build/nrf52840_xxaa/main.c.o
 .text.nrf_qwr_error_handler
                0x000000000002b810       0x10 _build/nrf52840_xxaa/main.c.o
 .text.conn_params_error_handler
                0x000000000002b820       0x10 _build/nrf52840_xxaa/main.c.o
 .text.twi_handler
                0x000000000002b830       0x18 _build/nrf52840_xxaa/main.c.o
 .text.gatt_evt_handler
                0x000000000002b848       0x44 _build/nrf52840_xxaa/main.c.o
                0x000000000002b848                gatt_evt_handler
 .text.on_conn_params_evt
                0x000000000002b88c       0x2c _build/nrf52840_xxaa/main.c.o
 .text.nus_data_handler
                0x000000000002b8b8       0x7c _build/nrf52840_xxaa/main.c.o
 .text.sleep_mode_enter
                0x000000000002b934       0x44 _build/nrf52840_xxaa/main.c.o
                0x000000000002b934                sleep_mode_enter
 .text.gatt_init
                0x000000000002b978       0x40 _build/nrf52840_xxaa/main.c.o
                0x000000000002b978                gatt_init
 .text.init_ButtonEvent
                0x000000000002b9b8       0x6c _build/nrf52840_xxaa/main.c.o
                0x000000000002b9b8                init_ButtonEvent
 .text.Uart_Printf
                0x000000000002ba24       0x48 _build/nrf52840_xxaa/main.c.o
                0x000000000002ba24                Uart_Printf
 .text.app_error_fault_handler
                0x000000000002ba6c      0x12c _build/nrf52840_xxaa/main.c.o
                0x000000000002ba6c                app_error_fault_handler
 .text.bsp_event_handler
                0x000000000002bb98       0xe8 _build/nrf52840_xxaa/main.c.o
                0x000000000002bb98                bsp_event_handler
 .text.JeegyUart_Handler
                0x000000000002bc80      0x124 _build/nrf52840_xxaa/main.c.o
                0x000000000002bc80                JeegyUart_Handler
 .text.uart_event_handle
                0x000000000002bda4       0x50 _build/nrf52840_xxaa/main.c.o
                0x000000000002bda4                uart_event_handle
 .text.saadc_event_handler
                0x000000000002bdf4       0xf0 _build/nrf52840_xxaa/main.c.o
                0x000000000002bdf4                saadc_event_handler
 .text.ble_evt_handler
                0x000000000002bee4      0x184 _build/nrf52840_xxaa/main.c.o
 .text.on_adv_evt
                0x000000000002c068       0x34 _build/nrf52840_xxaa/main.c.o
 .text.send_nus_data
                0x000000000002c09c       0x70 _build/nrf52840_xxaa/main.c.o
                0x000000000002c09c                send_nus_data
 .text.twi_init
                0x000000000002c10c       0x50 _build/nrf52840_xxaa/main.c.o
                0x000000000002c10c                twi_init
 .text.vTWI_Read
                0x000000000002c15c       0x6c _build/nrf52840_xxaa/main.c.o
                0x000000000002c15c                vTWI_Read
 .text.vTWI_Write
                0x000000000002c1c8       0x48 _build/nrf52840_xxaa/main.c.o
                0x000000000002c1c8                vTWI_Write
 .text.vLIS2_Init
                0x000000000002c210      0x148 _build/nrf52840_xxaa/main.c.o
                0x000000000002c210                vLIS2_Init
 .text.startup.main
                0x000000000002c358      0x804 _build/nrf52840_xxaa/main.c.o
                0x000000000002c358                main
 .text.speaker_interval_handler
                0x000000000002cb5c       0x10 _build/nrf52840_xxaa/jeegy2_timer.c.o
                0x000000000002cb5c                speaker_interval_handler
 .text.ms100_LED_off_timer_handler
                0x000000000002cb6c        0x8 _build/nrf52840_xxaa/jeegy2_timer.c.o
                0x000000000002cb6c                ms100_LED_off_timer_handler
 .text.real_power_off_timer_handler
                0x000000000002cb74        0x4 _build/nrf52840_xxaa/jeegy2_timer.c.o
                0x000000000002cb74                real_power_off_timer_handler
 .text.speaker_toggle_handler
                0x000000000002cb78       0x14 _build/nrf52840_xxaa/jeegy2_timer.c.o
                0x000000000002cb78                speaker_toggle_handler
 .text.speaker_finish_handler
                0x000000000002cb8c        0x4 _build/nrf52840_xxaa/jeegy2_timer.c.o
                0x000000000002cb8c                speaker_finish_handler
 .text.battery_sense_handler
                0x000000000002cb90       0x24 _build/nrf52840_xxaa/jeegy2_timer.c.o
                0x000000000002cb90                battery_sense_handler
 .text.long_push_power_on_timer_handler
                0x000000000002cbb4       0x3c _build/nrf52840_xxaa/jeegy2_timer.c.o
                0x000000000002cbb4                long_push_power_on_timer_handler
 .text.oneSec_timer_handler
                0x000000000002cbf0       0x58 _build/nrf52840_xxaa/jeegy2_timer.c.o
                0x000000000002cbf0                oneSec_timer_handler
 .text.threeSec_Power_on_timer_handler
                0x000000000002cc48       0x24 _build/nrf52840_xxaa/jeegy2_timer.c.o
                0x000000000002cc48                threeSec_Power_on_timer_handler
 .text.long_push_power_off_timer_handler
                0x000000000002cc6c       0x7c _build/nrf52840_xxaa/jeegy2_timer.c.o
                0x000000000002cc6c                long_push_power_off_timer_handler
 .text.send_3_accel_sense_handler
                0x000000000002cce8       0x48 _build/nrf52840_xxaa/jeegy2_timer.c.o
                0x000000000002cce8                send_3_accel_sense_handler
 .text.create_app_timer
                0x000000000002cd30       0xcc _build/nrf52840_xxaa/jeegy2_timer.c.o
                0x000000000002cd30                create_app_timer
 .text.start_one_second_timer
                0x000000000002cdfc       0x10 _build/nrf52840_xxaa/jeegy2_timer.c.o
                0x000000000002cdfc                start_one_second_timer
 .text.stop_ms100_LED_off_timer
                0x000000000002ce0c        0xc _build/nrf52840_xxaa/jeegy2_timer.c.o
                0x000000000002ce0c                stop_ms100_LED_off_timer
 .text.start_threeSec_Power_on_timer
                0x000000000002ce18       0x10 _build/nrf52840_xxaa/jeegy2_timer.c.o
                0x000000000002ce18                start_threeSec_Power_on_timer
 .text.start_long_push_power_off_timer
                0x000000000002ce28       0x10 _build/nrf52840_xxaa/jeegy2_timer.c.o
                0x000000000002ce28                start_long_push_power_off_timer
 .text.start_long_push_power_on_timer
                0x000000000002ce38       0x10 _build/nrf52840_xxaa/jeegy2_timer.c.o
                0x000000000002ce38                start_long_push_power_on_timer
 .text.start_speaker_toggle_timer
                0x000000000002ce48       0x10 _build/nrf52840_xxaa/jeegy2_timer.c.o
                0x000000000002ce48                start_speaker_toggle_timer
 .text.stop_speaker_toggle_timer
                0x000000000002ce58        0xc _build/nrf52840_xxaa/jeegy2_timer.c.o
                0x000000000002ce58                stop_speaker_toggle_timer
 .text.start_speaker_interval_timer
                0x000000000002ce64       0x10 _build/nrf52840_xxaa/jeegy2_timer.c.o
                0x000000000002ce64                start_speaker_interval_timer
 .text.stop_speaker_interval_timer
                0x000000000002ce74        0xc _build/nrf52840_xxaa/jeegy2_timer.c.o
                0x000000000002ce74                stop_speaker_interval_timer
 .text.start_speaker_finish_timer
                0x000000000002ce80       0x10 _build/nrf52840_xxaa/jeegy2_timer.c.o
                0x000000000002ce80                start_speaker_finish_timer
 .text.stop_speaker_finish_timer
                0x000000000002ce90        0xc _build/nrf52840_xxaa/jeegy2_timer.c.o
                0x000000000002ce90                stop_speaker_finish_timer
 .text.stop_alarm_function
                0x000000000002ce9c       0x20 _build/nrf52840_xxaa/jeegy2_device.c.o
                0x000000000002ce9c                stop_alarm_function
 .text.start_alarm_function
                0x000000000002cebc       0x18 _build/nrf52840_xxaa/jeegy2_device.c.o
                0x000000000002cebc                start_alarm_function
 .text.set_sense_high
                0x000000000002ced4       0x18 _build/nrf52840_xxaa/jeegy2_device.c.o
                0x000000000002ced4                set_sense_high
 .text.set_sense_middle
                0x000000000002ceec       0x18 _build/nrf52840_xxaa/jeegy2_device.c.o
                0x000000000002ceec                set_sense_middle
 .text.set_sense_low
                0x000000000002cf04       0x18 _build/nrf52840_xxaa/jeegy2_device.c.o
                0x000000000002cf04                set_sense_low
 .text.mute_alarm
                0x000000000002cf1c       0x38 _build/nrf52840_xxaa/jeegy2_device.c.o
                0x000000000002cf1c                mute_alarm
 .text.test_LED
                0x000000000002cf54       0x54 _build/nrf52840_xxaa/jeegy2_device.c.o
                0x000000000002cf54                test_LED
 .text.test_speaker
                0x000000000002cfa8       0x28 _build/nrf52840_xxaa/jeegy2_device.c.o
                0x000000000002cfa8                test_speaker
 .text.test_accel
                0x000000000002cfd0        0xc _build/nrf52840_xxaa/jeegy2_device.c.o
                0x000000000002cfd0                test_accel
 .text.touch_detected
                0x000000000002cfdc       0x54 _build/nrf52840_xxaa/jeegy2_device.c.o
                0x000000000002cfdc                touch_detected
 .text.ping_periodic
                0x000000000002d030       0xa0 _build/nrf52840_xxaa/jeegy2_device.c.o
                0x000000000002d030                ping_periodic
 .text.stop_speaker
                0x000000000002d0d0       0x24 _build/nrf52840_xxaa/jeegy2_device.c.o
                0x000000000002d0d0                stop_speaker
 .text.mute_speaker
                0x000000000002d0f4        0xc _build/nrf52840_xxaa/jeegy2_device.c.o
                0x000000000002d0f4                mute_speaker
 .text.init_speaker
                0x000000000002d100       0x18 _build/nrf52840_xxaa/jeegy2_device.c.o
                0x000000000002d100                init_speaker
 .text.generate_toggle
                0x000000000002d118       0x1c _build/nrf52840_xxaa/jeegy2_device.c.o
                0x000000000002d118                generate_toggle
 .text.SEGGER_RTT_WriteNoLock
                0x000000000002d134      0x188 _build/nrf52840_xxaa/SEGGER_RTT.c.o
                0x000000000002d134                SEGGER_RTT_WriteNoLock
 .text.SEGGER_RTT_Init
                0x000000000002d2bc       0x60 _build/nrf52840_xxaa/SEGGER_RTT.c.o
                0x000000000002d2bc                SEGGER_RTT_Init
 .text.sd_ble_gap_addr_get
                0x000000000002d31c        0x4 _build/nrf52840_xxaa/ble_advdata.c.o
 .text.sd_ble_gap_appearance_get
                0x000000000002d320        0x4 _build/nrf52840_xxaa/ble_advdata.c.o
 .text.sd_ble_gap_device_name_get
                0x000000000002d324        0x4 _build/nrf52840_xxaa/ble_advdata.c.o
 .text.sd_ble_uuid_encode
                0x000000000002d328        0x4 _build/nrf52840_xxaa/ble_advdata.c.o
 .text.uuid_list_sized_encode
                0x000000000002d32c       0xb8 _build/nrf52840_xxaa/ble_advdata.c.o
 .text.ble_advdata_encode
                0x000000000002d3e4      0x40c _build/nrf52840_xxaa/ble_advdata.c.o
                0x000000000002d3e4                ble_advdata_encode
 .text.ble_advdata_parse
                0x000000000002d7f0       0x48 _build/nrf52840_xxaa/ble_advdata.c.o
                0x000000000002d7f0                ble_advdata_parse
 .text.sd_ble_gap_adv_set_configure
                0x000000000002d838        0x4 _build/nrf52840_xxaa/ble_advertising.c.o
 .text.sd_ble_gap_adv_start
                0x000000000002d83c        0x4 _build/nrf52840_xxaa/ble_advertising.c.o
 .text.sd_ble_gap_adv_stop
                0x000000000002d840        0x4 _build/nrf52840_xxaa/ble_advertising.c.o
 .text.ble_advertising_start.part.4
                0x000000000002d844      0x304 _build/nrf52840_xxaa/ble_advertising.c.o
 .text.ble_advertising_conn_cfg_tag_set
                0x000000000002db48        0x8 _build/nrf52840_xxaa/ble_advertising.c.o
                0x000000000002db48                ble_advertising_conn_cfg_tag_set
 .text.ble_advertising_init
                0x000000000002db50       0xf4 _build/nrf52840_xxaa/ble_advertising.c.o
                0x000000000002db50                ble_advertising_init
 .text.ble_advertising_start
                0x000000000002dc44      0x300 _build/nrf52840_xxaa/ble_advertising.c.o
                0x000000000002dc44                ble_advertising_start
 .text.ble_advertising_on_ble_evt
                0x000000000002df44       0x90 _build/nrf52840_xxaa/ble_advertising.c.o
                0x000000000002df44                ble_advertising_on_ble_evt
 .text.ble_advertising_on_sys_evt
                0x000000000002dfd4        0x4 _build/nrf52840_xxaa/ble_advertising.c.o
                0x000000000002dfd4                ble_advertising_on_sys_evt
 .text.ble_advertising_restart_without_whitelist
                0x000000000002dfd8       0x64 _build/nrf52840_xxaa/ble_advertising.c.o
                0x000000000002dfd8                ble_advertising_restart_without_whitelist
 .text.sd_ble_gap_conn_param_update
                0x000000000002e03c        0x4 _build/nrf52840_xxaa/ble_conn_params.c.o
 .text.sd_ble_gap_disconnect
                0x000000000002e040        0x4 _build/nrf52840_xxaa/ble_conn_params.c.o
 .text.sd_ble_gap_ppcp_set
                0x000000000002e044        0x4 _build/nrf52840_xxaa/ble_conn_params.c.o
 .text.sd_ble_gap_ppcp_get
                0x000000000002e048        0x4 _build/nrf52840_xxaa/ble_conn_params.c.o
 .text.update_timeout_handler
                0x000000000002e04c       0x80 _build/nrf52840_xxaa/ble_conn_params.c.o
 .text.ble_evt_handler
                0x000000000002e0cc      0x1c4 _build/nrf52840_xxaa/ble_conn_params.c.o
 .text.ble_conn_params_init
                0x000000000002e290       0x7c _build/nrf52840_xxaa/ble_conn_params.c.o
                0x000000000002e290                ble_conn_params_init
 .text.ble_evt_handler
                0x000000000002e30c      0x13c _build/nrf52840_xxaa/ble_conn_state.c.o
 .text.ble_conn_state_conn_idx
                0x000000000002e448       0x24 _build/nrf52840_xxaa/ble_conn_state.c.o
                0x000000000002e448                ble_conn_state_conn_idx
 .text.blcm_link_ctx_get
                0x000000000002e46c       0x4c _build/nrf52840_xxaa/ble_link_ctx_manager.c.o
                0x000000000002e46c                blcm_link_ctx_get
 .text.sd_ble_gatts_characteristic_add
                0x000000000002e4b8        0x4 _build/nrf52840_xxaa/ble_srv_common.c.o
 .text.ble_srv_is_notification_enabled
                0x000000000002e4bc        0x8 _build/nrf52840_xxaa/ble_srv_common.c.o
                0x000000000002e4bc                ble_srv_is_notification_enabled
 .text.characteristic_add
                0x000000000002e4c4      0x3fc _build/nrf52840_xxaa/ble_srv_common.c.o
                0x000000000002e4c4                characteristic_add
 .text.sd_ble_gap_data_length_update
                0x000000000002e8c0        0x4 _build/nrf52840_xxaa/nrf_ble_gatt.c.o
 .text.sd_ble_gattc_exchange_mtu_request
                0x000000000002e8c4        0x4 _build/nrf52840_xxaa/nrf_ble_gatt.c.o
 .text.sd_ble_gatts_exchange_mtu_reply
                0x000000000002e8c8        0x4 _build/nrf52840_xxaa/nrf_ble_gatt.c.o
 .text.nrf_ble_gatt_init
                0x000000000002e8cc       0x30 _build/nrf52840_xxaa/nrf_ble_gatt.c.o
                0x000000000002e8cc                nrf_ble_gatt_init
 .text.nrf_ble_gatt_att_mtu_periph_set
                0x000000000002e8fc       0x18 _build/nrf52840_xxaa/nrf_ble_gatt.c.o
                0x000000000002e8fc                nrf_ble_gatt_att_mtu_periph_set
 .text.nrf_ble_gatt_on_ble_evt
                0x000000000002e914      0x26c _build/nrf52840_xxaa/nrf_ble_gatt.c.o
                0x000000000002e914                nrf_ble_gatt_on_ble_evt
 .text.sd_ble_gatts_rw_authorize_reply
                0x000000000002eb80        0x4 _build/nrf52840_xxaa/nrf_ble_qwr.c.o
 .text.sd_ble_user_mem_reply
                0x000000000002eb84        0x4 _build/nrf52840_xxaa/nrf_ble_qwr.c.o
 .text.nrf_ble_qwr_init
                0x000000000002eb88       0x24 _build/nrf52840_xxaa/nrf_ble_qwr.c.o
                0x000000000002eb88                nrf_ble_qwr_init
 .text.nrf_ble_qwr_conn_handle_assign
                0x000000000002ebac       0x18 _build/nrf52840_xxaa/nrf_ble_qwr.c.o
                0x000000000002ebac                nrf_ble_qwr_conn_handle_assign
 .text.nrf_ble_qwr_on_ble_evt
                0x000000000002ebc4       0xec _build/nrf52840_xxaa/nrf_ble_qwr.c.o
                0x000000000002ebc4                nrf_ble_qwr_on_ble_evt
 .text.sd_ble_gatts_service_add
                0x000000000002ecb0        0x4 _build/nrf52840_xxaa/ble_nus.c.o
 .text.sd_ble_gatts_value_get
                0x000000000002ecb4        0x4 _build/nrf52840_xxaa/ble_nus.c.o
 .text.sd_ble_gatts_hvx
                0x000000000002ecb8        0x4 _build/nrf52840_xxaa/ble_nus.c.o
 .text.sd_ble_uuid_vs_add
                0x000000000002ecbc        0x4 _build/nrf52840_xxaa/ble_nus.c.o
 .text.ble_nus_on_ble_evt
                0x000000000002ecc0      0x144 _build/nrf52840_xxaa/ble_nus.c.o
                0x000000000002ecc0                ble_nus_on_ble_evt
 .text.ble_nus_init
                0x000000000002ee04       0xd8 _build/nrf52840_xxaa/ble_nus.c.o
                0x000000000002ee04                ble_nus_init
 .text.ble_nus_data_send
                0x000000000002eedc       0x68 _build/nrf52840_xxaa/ble_nus.c.o
                0x000000000002eedc                ble_nus_data_send
 .text.sd_softdevice_enable
                0x000000000002ef44        0x4 _build/nrf52840_xxaa/nrf_sdh.c.o
 .text.nrf_sdh_enable_request
                0x000000000002ef48      0x118 _build/nrf52840_xxaa/nrf_sdh.c.o
                0x000000000002ef48                nrf_sdh_enable_request
 .text.nrf_sdh_is_enabled
                0x000000000002f060        0xc _build/nrf52840_xxaa/nrf_sdh.c.o
                0x000000000002f060                nrf_sdh_is_enabled
 .text.SWI2_EGU2_IRQHandler
                0x000000000002f06c       0x2c _build/nrf52840_xxaa/nrf_sdh.c.o
                0x000000000002f06c                SWI2_EGU2_IRQHandler
 .text.sd_ble_enable
                0x000000000002f098        0x4 _build/nrf52840_xxaa/nrf_sdh_ble.c.o
 .text.sd_ble_cfg_set
                0x000000000002f09c        0x4 _build/nrf52840_xxaa/nrf_sdh_ble.c.o
 .text.sd_ble_evt_get
                0x000000000002f0a0        0x4 _build/nrf52840_xxaa/nrf_sdh_ble.c.o
 .text.nrf_sdh_ble_evts_poll.part.1
                0x000000000002f0a4       0x5c _build/nrf52840_xxaa/nrf_sdh_ble.c.o
 .text.nrf_sdh_ble_evts_poll
                0x000000000002f100       0x10 _build/nrf52840_xxaa/nrf_sdh_ble.c.o
 .text.nrf_sdh_ble_default_cfg_set
                0x000000000002f110      0x1bc _build/nrf52840_xxaa/nrf_sdh_ble.c.o
                0x000000000002f110                nrf_sdh_ble_default_cfg_set
 .text.nrf_sdh_ble_enable
                0x000000000002f2cc       0x9c _build/nrf52840_xxaa/nrf_sdh_ble.c.o
                0x000000000002f2cc                nrf_sdh_ble_enable
 .text.sd_evt_get
                0x000000000002f368        0x4 _build/nrf52840_xxaa/nrf_sdh_soc.c.o
 .text.nrf_sdh_soc_evts_poll
                0x000000000002f36c       0x54 _build/nrf52840_xxaa/nrf_sdh_soc.c.o
 .text.exit     0x000000000002f3c0       0x28 /usr/local/gcc-arm/bin/../lib/gcc/arm-none-eabi/6.3.1/../../../../arm-none-eabi/lib/thumb/v7e-m/fpv4-sp/hard/libc_nano.a(lib_a-exit.o)
                0x000000000002f3c0                exit
 .text.__libc_init_array
                0x000000000002f3e8       0x48 /usr/local/gcc-arm/bin/../lib/gcc/arm-none-eabi/6.3.1/../../../../arm-none-eabi/lib/thumb/v7e-m/fpv4-sp/hard/libc_nano.a(lib_a-init.o)
                0x000000000002f3e8                __libc_init_array
 .text.__locale_ctype_ptr
                0x000000000002f430       0x1c /usr/local/gcc-arm/bin/../lib/gcc/arm-none-eabi/6.3.1/../../../../arm-none-eabi/lib/thumb/v7e-m/fpv4-sp/hard/libc_nano.a(lib_a-locale.o)
                0x000000000002f430                __locale_ctype_ptr
 .text.__ascii_mbtowc
                0x000000000002f44c       0x24 /usr/local/gcc-arm/bin/../lib/gcc/arm-none-eabi/6.3.1/../../../../arm-none-eabi/lib/thumb/v7e-m/fpv4-sp/hard/libc_nano.a(lib_a-mbtowc_r.o)
                0x000000000002f44c                __ascii_mbtowc
 .text.memcpy   0x000000000002f470       0x16 /usr/local/gcc-arm/bin/../lib/gcc/arm-none-eabi/6.3.1/../../../../arm-none-eabi/lib/thumb/v7e-m/fpv4-sp/hard/libc_nano.a(lib_a-memcpy-stub.o)
                0x000000000002f470                memcpy
 .text.memset   0x000000000002f486       0x10 /usr/local/gcc-arm/bin/../lib/gcc/arm-none-eabi/6.3.1/../../../../arm-none-eabi/lib/thumb/v7e-m/fpv4-sp/hard/libc_nano.a(lib_a-memset.o)
                0x000000000002f486                memset
 *fill*         0x000000000002f496        0x2 
 .text.sprintf  0x000000000002f498       0x48 /usr/local/gcc-arm/bin/../lib/gcc/arm-none-eabi/6.3.1/../../../../arm-none-eabi/lib/thumb/v7e-m/fpv4-sp/hard/libc_nano.a(lib_a-sprintf.o)
                0x000000000002f498                sprintf
                0x000000000002f498                siprintf
 .text.strcpy   0x000000000002f4e0       0x10 /usr/local/gcc-arm/bin/../lib/gcc/arm-none-eabi/6.3.1/../../../../arm-none-eabi/lib/thumb/v7e-m/fpv4-sp/hard/libc_nano.a(lib_a-strcpy.o)
                0x000000000002f4e0                strcpy
 .text          0x000000000002f4f0       0x10 /usr/local/gcc-arm/bin/../lib/gcc/arm-none-eabi/6.3.1/../../../../arm-none-eabi/lib/thumb/v7e-m/fpv4-sp/hard/libc_nano.a(lib_a-strlen.o)
                0x000000000002f4f0                strlen
 .text._vsprintf_r
                0x000000000002f500       0x30 /usr/local/gcc-arm/bin/../lib/gcc/arm-none-eabi/6.3.1/../../../../arm-none-eabi/lib/thumb/v7e-m/fpv4-sp/hard/libc_nano.a(lib_a-vsprintf.o)
                0x000000000002f500                _vsiprintf_r
                0x000000000002f500                _vsprintf_r
 .text.vsprintf
                0x000000000002f530       0x14 /usr/local/gcc-arm/bin/../lib/gcc/arm-none-eabi/6.3.1/../../../../arm-none-eabi/lib/thumb/v7e-m/fpv4-sp/hard/libc_nano.a(lib_a-vsprintf.o)
                0x000000000002f530                vsprintf
                0x000000000002f530                vsiprintf
 .text.__ascii_wctomb
                0x000000000002f544       0x1a /usr/local/gcc-arm/bin/../lib/gcc/arm-none-eabi/6.3.1/../../../../arm-none-eabi/lib/thumb/v7e-m/fpv4-sp/hard/libc_nano.a(lib_a-wctomb_r.o)
                0x000000000002f544                __ascii_wctomb
 .text.__ssputs_r
                0x000000000002f55e       0xb6 /usr/local/gcc-arm/bin/../lib/gcc/arm-none-eabi/6.3.1/../../../../arm-none-eabi/lib/thumb/v7e-m/fpv4-sp/hard/libc_nano.a(lib_a-nano-svfprintf.o)
                0x000000000002f55e                __ssputs_r
 .text._svfprintf_r
                0x000000000002f614      0x1e8 /usr/local/gcc-arm/bin/../lib/gcc/arm-none-eabi/6.3.1/../../../../arm-none-eabi/lib/thumb/v7e-m/fpv4-sp/hard/libc_nano.a(lib_a-nano-svfprintf.o)
                0x000000000002f614                _svfprintf_r
                0x000000000002f614                _svfiprintf_r
 .text._printf_common
                0x000000000002f7fc       0xec /usr/local/gcc-arm/bin/../lib/gcc/arm-none-eabi/6.3.1/../../../../arm-none-eabi/lib/thumb/v7e-m/fpv4-sp/hard/libc_nano.a(lib_a-nano-vfprintf_i.o)
                0x000000000002f7fc                _printf_common
 .text._printf_i
                0x000000000002f8e8      0x240 /usr/local/gcc-arm/bin/../lib/gcc/arm-none-eabi/6.3.1/../../../../arm-none-eabi/lib/thumb/v7e-m/fpv4-sp/hard/libc_nano.a(lib_a-nano-vfprintf_i.o)
                0x000000000002f8e8                _printf_i
 *fill*         0x000000000002fb28        0x8 
 .text          0x000000000002fb30       0xa0 /usr/local/gcc-arm/bin/../lib/gcc/arm-none-eabi/6.3.1/../../../../arm-none-eabi/lib/thumb/v7e-m/fpv4-sp/hard/libc_nano.a(lib_a-memchr.o)
                0x000000000002fb30                memchr
 .text.memmove  0x000000000002fbd0       0x34 /usr/local/gcc-arm/bin/../lib/gcc/arm-none-eabi/6.3.1/../../../../arm-none-eabi/lib/thumb/v7e-m/fpv4-sp/hard/libc_nano.a(lib_a-memmove.o)
                0x000000000002fbd0                memmove
 .text._free_r  0x000000000002fc04       0x9c /usr/local/gcc-arm/bin/../lib/gcc/arm-none-eabi/6.3.1/../../../../arm-none-eabi/lib/thumb/v7e-m/fpv4-sp/hard/libc_nano.a(lib_a-nano-freer.o)
                0x000000000002fc04                _free_r
 .text._malloc_r
                0x000000000002fca0       0xbc /usr/local/gcc-arm/bin/../lib/gcc/arm-none-eabi/6.3.1/../../../../arm-none-eabi/lib/thumb/v7e-m/fpv4-sp/hard/libc_nano.a(lib_a-nano-mallocr.o)
                0x000000000002fca0                _malloc_r
 .text._realloc_r
                0x000000000002fd5c       0x4c /usr/local/gcc-arm/bin/../lib/gcc/arm-none-eabi/6.3.1/../../../../arm-none-eabi/lib/thumb/v7e-m/fpv4-sp/hard/libc_nano.a(lib_a-nano-reallocr.o)
                0x000000000002fd5c                _realloc_r
 .text._sbrk_r  0x000000000002fda8       0x20 /usr/local/gcc-arm/bin/../lib/gcc/arm-none-eabi/6.3.1/../../../../arm-none-eabi/lib/thumb/v7e-m/fpv4-sp/hard/libc_nano.a(lib_a-sbrkr.o)
                0x000000000002fda8                _sbrk_r
 .text.__malloc_lock
                0x000000000002fdc8        0x2 /usr/local/gcc-arm/bin/../lib/gcc/arm-none-eabi/6.3.1/../../../../arm-none-eabi/lib/thumb/v7e-m/fpv4-sp/hard/libc_nano.a(lib_a-mlock.o)
                0x000000000002fdc8                __malloc_lock
 .text.__malloc_unlock
                0x000000000002fdca        0x2 /usr/local/gcc-arm/bin/../lib/gcc/arm-none-eabi/6.3.1/../../../../arm-none-eabi/lib/thumb/v7e-m/fpv4-sp/hard/libc_nano.a(lib_a-mlock.o)
                0x000000000002fdca                __malloc_unlock
 .text._malloc_usable_size_r
                0x000000000002fdcc       0x12 /usr/local/gcc-arm/bin/../lib/gcc/arm-none-eabi/6.3.1/../../../../arm-none-eabi/lib/thumb/v7e-m/fpv4-sp/hard/libc_nano.a(lib_a-nano-msizer.o)
                0x000000000002fdcc                _malloc_usable_size_r
 *fill*         0x000000000002fdde        0x2 
 .text._sbrk    0x000000000002fde0       0x1c /usr/local/gcc-arm/bin/../lib/gcc/arm-none-eabi/6.3.1/../../../../arm-none-eabi/lib/thumb/v7e-m/fpv4-sp/hard/libnosys.a(sbrk.o)
                0x000000000002fde0                _sbrk
 .text._exit    0x000000000002fdfc        0x4 /usr/local/gcc-arm/bin/../lib/gcc/arm-none-eabi/6.3.1/../../../../arm-none-eabi/lib/thumb/v7e-m/fpv4-sp/hard/libnosys.a(_exit.o)
                0x000000000002fdfc                _exit
 .text.sqrtf    0x000000000002fe00       0xac /usr/local/gcc-arm/bin/../lib/gcc/arm-none-eabi/6.3.1/../../../../arm-none-eabi/lib/thumb/v7e-m/fpv4-sp/hard/libm.a(lib_a-wf_sqrt.o)
                0x000000000002fe00                sqrtf
 .text.__ieee754_sqrtf
                0x000000000002feac        0x8 /usr/local/gcc-arm/bin/../lib/gcc/arm-none-eabi/6.3.1/../../../../arm-none-eabi/lib/thumb/v7e-m/fpv4-sp/hard/libm.a(lib_a-ef_sqrt.o)
                0x000000000002feac                __ieee754_sqrtf
 .text.matherr  0x000000000002feb4        0x4 /usr/local/gcc-arm/bin/../lib/gcc/arm-none-eabi/6.3.1/../../../../arm-none-eabi/lib/thumb/v7e-m/fpv4-sp/hard/libm.a(lib_a-s_matherr.o)
                0x000000000002feb4                matherr
 .text          0x000000000002feb8      0x370 /usr/local/gcc-arm/bin/../lib/gcc/arm-none-eabi/6.3.1/thumb/v7e-m/fpv4-sp/hard/libgcc.a(_arm_addsubdf3.o)
                0x000000000002feb8                __aeabi_drsub
                0x000000000002fec0                __subdf3
                0x000000000002fec0                __aeabi_dsub
                0x000000000002fec4                __aeabi_dadd
                0x000000000002fec4                __adddf3
                0x000000000003013c                __aeabi_ui2d
                0x000000000003013c                __floatunsidf
                0x000000000003015c                __floatsidf
                0x000000000003015c                __aeabi_i2d
                0x0000000000030180                __extendsfdf2
                0x0000000000030180                __aeabi_f2d
                0x00000000000301bc                __aeabi_ul2d
                0x00000000000301bc                __floatundidf
                0x00000000000301cc                __aeabi_l2d
                0x00000000000301cc                __floatdidf
 .text          0x0000000000030228      0x424 /usr/local/gcc-arm/bin/../lib/gcc/arm-none-eabi/6.3.1/thumb/v7e-m/fpv4-sp/hard/libgcc.a(_arm_muldivdf3.o)
                0x0000000000030228                __aeabi_dmul
                0x0000000000030228                __muldf3
                0x000000000003047c                __aeabi_ddiv
                0x000000000003047c                __divdf3
 .text          0x000000000003064c       0xa0 /usr/local/gcc-arm/bin/../lib/gcc/arm-none-eabi/6.3.1/thumb/v7e-m/fpv4-sp/hard/libgcc.a(_arm_truncdfsf2.o)
                0x000000000003064c                __aeabi_d2f
                0x000000000003064c                __truncdfsf2
 .text          0x00000000000306ec       0x30 /usr/local/gcc-arm/bin/../lib/gcc/arm-none-eabi/6.3.1/thumb/v7e-m/fpv4-sp/hard/libgcc.a(_aeabi_uldivmod.o)
                0x00000000000306ec                __aeabi_uldivmod
 .text          0x000000000003071c      0x2dc /usr/local/gcc-arm/bin/../lib/gcc/arm-none-eabi/6.3.1/thumb/v7e-m/fpv4-sp/hard/libgcc.a(_udivmoddi4.o)
                0x000000000003071c                __udivmoddi4
 .text          0x00000000000309f8        0x4 /usr/local/gcc-arm/bin/../lib/gcc/arm-none-eabi/6.3.1/thumb/v7e-m/fpv4-sp/hard/libgcc.a(_dvmd_tls.o)
                0x00000000000309f8                __aeabi_ldiv0
                0x00000000000309f8                __aeabi_idiv0
 .text.__errno  0x00000000000309fc        0xc /usr/local/gcc-arm/bin/../lib/gcc/arm-none-eabi/6.3.1/../../../../arm-none-eabi/lib/thumb/v7e-m/fpv4-sp/hard/libg_nano.a(lib_a-errno.o)
                0x00000000000309fc                __errno
 *(.init)
 .init          0x0000000000030a08        0x4 /usr/local/gcc-arm/bin/../lib/gcc/arm-none-eabi/6.3.1/thumb/v7e-m/fpv4-sp/hard/crti.o
                0x0000000000030a08                _init
 .init          0x0000000000030a0c        0x8 /usr/local/gcc-arm/bin/../lib/gcc/arm-none-eabi/6.3.1/thumb/v7e-m/fpv4-sp/hard/crtn.o
 *(.fini)
 .fini          0x0000000000030a14        0x4 /usr/local/gcc-arm/bin/../lib/gcc/arm-none-eabi/6.3.1/thumb/v7e-m/fpv4-sp/hard/crti.o
                0x0000000000030a14                _fini
 .fini          0x0000000000030a18        0x8 /usr/local/gcc-arm/bin/../lib/gcc/arm-none-eabi/6.3.1/thumb/v7e-m/fpv4-sp/hard/crtn.o
 *crtbegin.o(.ctors)
 *crtbegin?.o(.ctors)
 *(EXCLUDE_FILE(*crtend.o *crtend?.o) .ctors)
 *(SORT(.ctors.*))
 *(.ctors)
 *crtbegin.o(.dtors)
 *crtbegin?.o(.dtors)
 *(EXCLUDE_FILE(*crtend.o *crtend?.o) .dtors)
 *(SORT(.dtors.*))
 *(.dtors)
 *(.rodata*)
 .rodata.delay_machine_code.9163
                0x0000000000030a20        0x6 _build/nrf52840_xxaa/nrf_log_backend_rtt.c.o
 *fill*         0x0000000000030a26        0x2 
 .rodata.nrf_log_backend_rtt_api
                0x0000000000030a28        0xc _build/nrf52840_xxaa/nrf_log_backend_rtt.c.o
                0x0000000000030a28                nrf_log_backend_rtt_api
 .rodata.str1.4
                0x0000000000030a34       0x10 _build/nrf52840_xxaa/nrf_log_default_backends.c.o
 .rodata.m_log_push_ringbuf
                0x0000000000030a44        0xc _build/nrf52840_xxaa/nrf_log_frontend.c.o
 .rodata.nrf_log_frontend_dequeue.str1.4
                0x0000000000030a50       0x11 _build/nrf52840_xxaa/nrf_log_frontend.c.o
 *fill*         0x0000000000030a61        0x3 
 .rodata.str1.4
                0x0000000000030a64        0x4 _build/nrf52840_xxaa/nrf_log_frontend.c.o
 .rodata.m_colors
                0x0000000000030a68       0x24 _build/nrf52840_xxaa/nrf_log_str_formatter.c.o
 .rodata.nrf_log_hexdump_entry_process.str1.4
                0x0000000000030a8c       0x13 _build/nrf52840_xxaa/nrf_log_str_formatter.c.o
                                         0x16 (size before relaxing)
 *fill*         0x0000000000030a9f        0x1 
 .rodata.nrf_log_std_entry_process.str1.4
                0x0000000000030aa0       0x32 _build/nrf52840_xxaa/nrf_log_str_formatter.c.o
                                         0x3b (size before relaxing)
 *fill*         0x0000000000030ad2        0x2 
 .rodata.severity_names
                0x0000000000030ad4       0x14 _build/nrf52840_xxaa/nrf_log_str_formatter.c.o
 .rodata.str1.4
                0x0000000000030ae8       0x56 _build/nrf52840_xxaa/nrf_log_str_formatter.c.o
 *fill*         0x0000000000030b3e        0x2 
 .rodata.m_detection_delay_timer_id
                0x0000000000030b40        0x4 _build/nrf52840_xxaa/app_button.c.o
 *fill*         0x0000000000030b44        0xc 
 .rodata.delay_machine_code.8887
                0x0000000000030b50        0x6 _build/nrf52840_xxaa/app_timer.c.o
 *fill*         0x0000000000030b56        0x2 
 .rodata        0x0000000000030b58       0x20 _build/nrf52840_xxaa/app_uart_fifo.c.o
 .rodata.app_uart_get.str1.4
                0x0000000000030b78       0x3c _build/nrf52840_xxaa/app_uart_fifo.c.o
 .rodata._aV2C.7556
                0x0000000000030bb4       0x10 _build/nrf52840_xxaa/nrf_fprintf_format.c.o
 .rodata.pwr_mgmt_data
                0x0000000000030bc4        0xc _build/nrf52840_xxaa/nrf_pwr_mgmt.c.o
 .rodata.str1.4
                0x0000000000030bd0        0x9 _build/nrf52840_xxaa/nrf_pwr_mgmt.c.o
 *fill*         0x0000000000030bd9        0x3 
 .rodata.m_unknown_str
                0x0000000000030bdc       0x13 _build/nrf52840_xxaa/nrf_strerror.c.o
 *fill*         0x0000000000030bef        0x1 
 .rodata.nrf_strerror_array
                0x0000000000030bf0      0x128 _build/nrf52840_xxaa/nrf_strerror.c.o
 .rodata.str1.4
                0x0000000000030d18      0x3e9 _build/nrf52840_xxaa/nrf_strerror.c.o
 *fill*         0x0000000000031101        0xf 
 .rodata.delay_machine_code.8487
                0x0000000000031110        0x6 _build/nrf52840_xxaa/nrf_drv_twi.c.o
 *fill*         0x0000000000031116        0x2 
 .rodata.m_board_btn_list
                0x0000000000031118        0x2 _build/nrf52840_xxaa/boards.c.o
 *fill*         0x000000000003111a        0x2 
 .rodata.m_board_led_list
                0x000000000003111c        0x2 _build/nrf52840_xxaa/boards.c.o
 *fill*         0x000000000003111e        0x2 
 .rodata.str1.4
                0x0000000000031120        0x6 _build/nrf52840_xxaa/nrf_drv_clock.c.o
 *fill*         0x0000000000031126        0x2 
 .rodata.str1.4
                0x0000000000031128        0x6 _build/nrf52840_xxaa/nrfx_clock.c.o
 *fill*         0x000000000003112e        0x2 
 .rodata.str1.4
                0x0000000000031130        0x7 _build/nrf52840_xxaa/nrfx_gpiote.c.o
 *fill*         0x0000000000031137        0x1 
 .rodata.str1.4
                0x0000000000031138        0x4 _build/nrf52840_xxaa/nrfx_prs.c.o
 .rodata.str1.4
                0x000000000003113c        0x5 _build/nrf52840_xxaa/nrfx_twim.c.o
 *fill*         0x0000000000031141        0x3 
 .rodata.str1.4
                0x0000000000031144        0x5 _build/nrf52840_xxaa/nrfx_uart.c.o
 *fill*         0x0000000000031149        0x3 
 .rodata.str1.4
                0x000000000003114c        0x6 _build/nrf52840_xxaa/nrfx_uarte.c.o
 *fill*         0x0000000000031152        0x2 
 .rodata.app_buttons
                0x0000000000031154       0x10 _build/nrf52840_xxaa/bsp.c.o
 .rodata.m_bsp_alert_tmr
                0x0000000000031164        0x4 _build/nrf52840_xxaa/bsp.c.o
 .rodata.m_bsp_button_tmr
                0x0000000000031168        0x4 _build/nrf52840_xxaa/bsp.c.o
 .rodata.m_bsp_leds_tmr
                0x000000000003116c        0x4 _build/nrf52840_xxaa/bsp.c.o
 .rodata.str1.4
                0x0000000000031170        0x6 _build/nrf52840_xxaa/nrfx_saadc.c.o
 *fill*         0x0000000000031176        0x2 
 .rodata        0x0000000000031178       0x21 _build/nrf52840_xxaa/main.c.o
 *fill*         0x0000000000031199        0x3 
 .rodata.JeegyUart_Handler.str1.4
                0x000000000003119c       0x37 _build/nrf52840_xxaa/main.c.o
 *fill*         0x00000000000311d3        0x1 
 .rodata.app_error_fault_handler.str1.4
                0x00000000000311d4       0xb4 _build/nrf52840_xxaa/main.c.o
 .rodata.ble_evt_handler.str1.4
                0x0000000000031288       0x3d _build/nrf52840_xxaa/main.c.o
 *fill*         0x00000000000312c5        0x3 
 .rodata.bsp_event_handler.str1.4
                0x00000000000312c8       0x4d _build/nrf52840_xxaa/main.c.o
 *fill*         0x0000000000031315        0x3 
 .rodata.default_config.11084
                0x0000000000031318        0x4 _build/nrf52840_xxaa/main.c.o
 *fill*         0x000000000003131c        0x4 
 .rodata.delay_machine_code.10646
                0x0000000000031320        0x6 _build/nrf52840_xxaa/main.c.o
 *fill*         0x0000000000031326        0x2 
 .rodata.gatt_evt_handler.str1.4
                0x0000000000031328       0x1c _build/nrf52840_xxaa/main.c.o
 .rodata.m_twi  0x0000000000031344       0x10 _build/nrf52840_xxaa/main.c.o
 .rodata.main.str1.4
                0x0000000000031354       0x82 _build/nrf52840_xxaa/main.c.o
 *fill*         0x00000000000313d6        0x2 
 .rodata.nrf_qwr_error_handler.str1.4
                0x00000000000313d8       0x10 _build/nrf52840_xxaa/main.c.o
 .rodata.on_adv_evt.str1.4
                0x00000000000313e8       0x13 _build/nrf52840_xxaa/main.c.o
 *fill*         0x00000000000313fb        0x1 
 .rodata.saadc_event_handler.str1.4
                0x00000000000313fc       0x11 _build/nrf52840_xxaa/main.c.o
 *fill*         0x000000000003140d        0x3 
 .rodata.vLIS2_Init.str1.4
                0x0000000000031410       0x28 _build/nrf52840_xxaa/main.c.o
 .rodata.battery_sense_handler.str1.4
                0x0000000000031438       0x28 _build/nrf52840_xxaa/jeegy2_timer.c.o
 .rodata.long_push_power_off_timer_handler.str1.4
                0x0000000000031460       0x15 _build/nrf52840_xxaa/jeegy2_timer.c.o
 *fill*         0x0000000000031475        0x3 
 .rodata.long_push_power_on_timer_handler.str1.4
                0x0000000000031478       0x14 _build/nrf52840_xxaa/jeegy2_timer.c.o
 .rodata.m_100ms_LED_off_timer_id
                0x000000000003148c        0x4 _build/nrf52840_xxaa/jeegy2_timer.c.o
 .rodata.m_3Sec_Power_on_timer_id
                0x0000000000031490        0x4 _build/nrf52840_xxaa/jeegy2_timer.c.o
 .rodata.m_Battery_sense_timer_id
                0x0000000000031494        0x4 _build/nrf52840_xxaa/jeegy2_timer.c.o
 .rodata.m_Long_push_power_off_timer_id
                0x0000000000031498        0x4 _build/nrf52840_xxaa/jeegy2_timer.c.o
 .rodata.m_Long_push_power_on_timer_id
                0x000000000003149c        0x4 _build/nrf52840_xxaa/jeegy2_timer.c.o
 .rodata.m_OneSec_timer_id
                0x00000000000314a0        0x4 _build/nrf52840_xxaa/jeegy2_timer.c.o
 .rodata.m_Real_power_off_timer_id
                0x00000000000314a4        0x4 _build/nrf52840_xxaa/jeegy2_timer.c.o
 .rodata.m_Send_3_accel_sense_timer_id
                0x00000000000314a8        0x4 _build/nrf52840_xxaa/jeegy2_timer.c.o
 .rodata.m_Speaker_finish_timer_id
                0x00000000000314ac        0x4 _build/nrf52840_xxaa/jeegy2_timer.c.o
 .rodata.m_Speaker_interval_timer_id
                0x00000000000314b0        0x4 _build/nrf52840_xxaa/jeegy2_timer.c.o
 .rodata.m_Speaker_toggle_timer_id
                0x00000000000314b4        0x4 _build/nrf52840_xxaa/jeegy2_timer.c.o
 .rodata.oneSec_timer_handler.str1.4
                0x00000000000314b8       0x1c _build/nrf52840_xxaa/jeegy2_timer.c.o
 .rodata.send_3_accel_sense_handler.str1.4
                0x00000000000314d4       0x32 _build/nrf52840_xxaa/jeegy2_timer.c.o
 *fill*         0x0000000000031506        0xa 
 .rodata.delay_machine_code.9859
                0x0000000000031510        0x6 _build/nrf52840_xxaa/jeegy2_device.c.o
 *fill*         0x0000000000031516        0x2 
 .rodata.mute_alarm.str1.4
                0x0000000000031518        0xd _build/nrf52840_xxaa/jeegy2_device.c.o
 *fill*         0x0000000000031525        0x3 
 .rodata.ping_periodic.str1.4
                0x0000000000031528       0x31 _build/nrf52840_xxaa/jeegy2_device.c.o
 *fill*         0x0000000000031559        0x3 
 .rodata.set_sense_high.str1.4
                0x000000000003155c       0x16 _build/nrf52840_xxaa/jeegy2_device.c.o
 *fill*         0x0000000000031572        0x2 
 .rodata.set_sense_low.str1.4
                0x0000000000031574       0x15 _build/nrf52840_xxaa/jeegy2_device.c.o
 *fill*         0x0000000000031589        0x3 
 .rodata.set_sense_middle.str1.4
                0x000000000003158c       0x18 _build/nrf52840_xxaa/jeegy2_device.c.o
 .rodata.start_alarm_function.str1.4
                0x00000000000315a4       0x17 _build/nrf52840_xxaa/jeegy2_device.c.o
 *fill*         0x00000000000315bb        0x1 
 .rodata.stop_alarm_function.str1.4
                0x00000000000315bc       0x16 _build/nrf52840_xxaa/jeegy2_device.c.o
 *fill*         0x00000000000315d2        0x2 
 .rodata.test_LED.str1.4
                0x00000000000315d4        0xb _build/nrf52840_xxaa/jeegy2_device.c.o
 *fill*         0x00000000000315df        0x1 
 .rodata.test_accel.str1.4
                0x00000000000315e0       0x15 _build/nrf52840_xxaa/jeegy2_device.c.o
 *fill*         0x00000000000315f5        0x3 
 .rodata.test_speaker.str1.4
                0x00000000000315f8        0xf _build/nrf52840_xxaa/jeegy2_device.c.o
 *fill*         0x0000000000031607        0x1 
 .rodata.touch_detected.str1.4
                0x0000000000031608       0x14 _build/nrf52840_xxaa/jeegy2_device.c.o
 .rodata.SEGGER_RTT_ReadNoLock.str1.4
                0x000000000003161c       0x17 _build/nrf52840_xxaa/SEGGER_RTT.c.o
 *fill*         0x0000000000031633        0x1 
 .rodata.ble_evt_handler.str1.4
                0x0000000000031634       0x39 _build/nrf52840_xxaa/ble_conn_state.c.o
 *fill*         0x000000000003166d        0x3 
 .rodata.nrf_ble_gatt_data_length_set.str1.4
                0x0000000000031670       0xe2 _build/nrf52840_xxaa/nrf_ble_gatt.c.o
 *fill*         0x0000000000031752        0x2 
 .rodata.nrf_ble_gatt_on_ble_evt.str1.4
                0x0000000000031754       0x63 _build/nrf52840_xxaa/nrf_ble_gatt.c.o
 *fill*         0x00000000000317b7        0x1 
 .rodata.str1.4
                0x00000000000317b8        0xd _build/nrf52840_xxaa/nrf_ble_gatt.c.o
 *fill*         0x00000000000317c5        0x3 
 .rodata        0x00000000000317c8       0x10 _build/nrf52840_xxaa/ble_nus.c.o
 .rodata.str1.4
                0x00000000000317d8        0x8 _build/nrf52840_xxaa/ble_nus.c.o
 .rodata        0x00000000000317e0        0x4 _build/nrf52840_xxaa/nrf_sdh.c.o
 .rodata.nrf_sdh_enable_request.str1.4
                0x00000000000317e4       0x39 _build/nrf52840_xxaa/nrf_sdh.c.o
 *fill*         0x000000000003181d        0x3 
 .rodata.sdh_req_observers
                0x0000000000031820        0xc _build/nrf52840_xxaa/nrf_sdh.c.o
 .rodata.sdh_stack_observers
                0x000000000003182c        0xc _build/nrf52840_xxaa/nrf_sdh.c.o
 .rodata.sdh_state_observers
                0x0000000000031838        0xc _build/nrf52840_xxaa/nrf_sdh.c.o
 .rodata.str1.4
                0x0000000000031844        0x8 _build/nrf52840_xxaa/nrf_sdh.c.o
 .rodata.nrf_sdh_ble_default_cfg_set.str1.4
                0x000000000003184c      0x1cf _build/nrf52840_xxaa/nrf_sdh_ble.c.o
 *fill*         0x0000000000031a1b        0x1 
 .rodata.nrf_sdh_ble_enable.str1.4
                0x0000000000031a1c       0xad _build/nrf52840_xxaa/nrf_sdh_ble.c.o
 *fill*         0x0000000000031ac9        0x3 
 .rodata.nrf_sdh_ble_evts_poll.part.1.str1.4
                0x0000000000031acc       0x3d _build/nrf52840_xxaa/nrf_sdh_ble.c.o
 *fill*         0x0000000000031b09        0x3 
 .rodata.sdh_ble_observers
                0x0000000000031b0c        0xc _build/nrf52840_xxaa/nrf_sdh_ble.c.o
 .rodata.str1.4
                0x0000000000031b18        0xc _build/nrf52840_xxaa/nrf_sdh_ble.c.o
 .rodata.nrf_sdh_soc_evts_poll.str1.4
                0x0000000000031b24       0x3d _build/nrf52840_xxaa/nrf_sdh_soc.c.o
 *fill*         0x0000000000031b61        0x3 
 .rodata.sdh_soc_observers
                0x0000000000031b64        0xc _build/nrf52840_xxaa/nrf_sdh_soc.c.o
 .rodata.str1.4
                0x0000000000031b70        0xc _build/nrf52840_xxaa/nrf_sdh_soc.c.o
 .rodata._global_impure_ptr
                0x0000000000031b7c        0x4 /usr/local/gcc-arm/bin/../lib/gcc/arm-none-eabi/6.3.1/../../../../arm-none-eabi/lib/thumb/v7e-m/fpv4-sp/hard/libc_nano.a(lib_a-impure.o)
                0x0000000000031b7c                _global_impure_ptr
 .rodata._setlocale_r.str1.1
                0x0000000000031b80        0x8 /usr/local/gcc-arm/bin/../lib/gcc/arm-none-eabi/6.3.1/../../../../arm-none-eabi/lib/thumb/v7e-m/fpv4-sp/hard/libc_nano.a(lib_a-locale.o)
                                          0x9 (size before relaxing)
 .rodata.str1.1
                0x0000000000031b88        0x2 /usr/local/gcc-arm/bin/../lib/gcc/arm-none-eabi/6.3.1/../../../../arm-none-eabi/lib/thumb/v7e-m/fpv4-sp/hard/libc_nano.a(lib_a-locale.o)
 .rodata._ctype_
                0x0000000000031b8a      0x101 /usr/local/gcc-arm/bin/../lib/gcc/arm-none-eabi/6.3.1/../../../../arm-none-eabi/lib/thumb/v7e-m/fpv4-sp/hard/libc_nano.a(lib_a-ctype_.o)
                0x0000000000031b8a                _ctype_
 .rodata._svfprintf_r.str1.1
                0x0000000000031c8b       0x11 /usr/local/gcc-arm/bin/../lib/gcc/arm-none-eabi/6.3.1/../../../../arm-none-eabi/lib/thumb/v7e-m/fpv4-sp/hard/libc_nano.a(lib_a-nano-svfprintf.o)
 .rodata._printf_i.str1.1
                0x0000000000031c9c       0x22 /usr/local/gcc-arm/bin/../lib/gcc/arm-none-eabi/6.3.1/../../../../arm-none-eabi/lib/thumb/v7e-m/fpv4-sp/hard/libc_nano.a(lib_a-nano-vfprintf_i.o)
 *fill*         0x0000000000031cbe        0x2 
 .rodata.sqrtf.str1.4
                0x0000000000031cc0        0x8 /usr/local/gcc-arm/bin/../lib/gcc/arm-none-eabi/6.3.1/../../../../arm-none-eabi/lib/thumb/v7e-m/fpv4-sp/hard/libm.a(lib_a-wf_sqrt.o)
                                          0x6 (size before relaxing)
 *(.eh_frame*)
 .eh_frame      0x0000000000031cc8        0x0 /usr/local/gcc-arm/bin/../lib/gcc/arm-none-eabi/6.3.1/thumb/v7e-m/fpv4-sp/hard/crtbegin.o
 .eh_frame      0x0000000000031cc8        0x4 /usr/local/gcc-arm/bin/../lib/gcc/arm-none-eabi/6.3.1/thumb/v7e-m/fpv4-sp/hard/crtend.o

.glue_7         0x0000000000031ccc        0x0
 .glue_7        0x0000000000031ccc        0x0 linker stubs

.glue_7t        0x0000000000031ccc        0x0
 .glue_7t       0x0000000000031ccc        0x0 linker stubs

.vfp11_veneer   0x0000000000031ccc        0x0
 .vfp11_veneer  0x0000000000031ccc        0x0 linker stubs

.v4_bx          0x0000000000031ccc        0x0
 .v4_bx         0x0000000000031ccc        0x0 linker stubs

.iplt           0x0000000000031ccc        0x0
 .iplt          0x0000000000031ccc        0x0 /usr/local/gcc-arm/bin/../lib/gcc/arm-none-eabi/6.3.1/thumb/v7e-m/fpv4-sp/hard/crtbegin.o

.mem_section_dummy_rom

.sdh_soc_observers
                0x0000000000031ccc       0x10
                0x0000000000031ccc                PROVIDE (__start_sdh_soc_observers, .)
 *(SORT(.sdh_soc_observers*))
 .sdh_soc_observers0
                0x0000000000031ccc        0x8 _build/nrf52840_xxaa/nrf_drv_clock.c.o
 .sdh_soc_observers1
                0x0000000000031cd4        0x8 _build/nrf52840_xxaa/main.c.o
                0x0000000000031cdc                PROVIDE (__stop_sdh_soc_observers, .)

.sdh_ble_observers
                0x0000000000031cdc       0x40
                0x0000000000031cdc                PROVIDE (__start_sdh_ble_observers, .)
 *(SORT(.sdh_ble_observers*))
 .sdh_ble_observers0
                0x0000000000031cdc        0x8 _build/nrf52840_xxaa/ble_conn_state.c.o
 .sdh_ble_observers1
                0x0000000000031ce4        0x8 _build/nrf52840_xxaa/bsp_btn_ble.c.o
 .sdh_ble_observers1
                0x0000000000031cec       0x10 _build/nrf52840_xxaa/main.c.o
 .sdh_ble_observers1
                0x0000000000031cfc        0x8 _build/nrf52840_xxaa/ble_conn_params.c.o
 .sdh_ble_observers2
                0x0000000000031d04       0x10 _build/nrf52840_xxaa/main.c.o
 .sdh_ble_observers3
                0x0000000000031d14        0x8 _build/nrf52840_xxaa/main.c.o
                0x0000000000031d1c                PROVIDE (__stop_sdh_ble_observers, .)

.pwr_mgmt_data  0x0000000000031d1c        0x0
                0x0000000000031d1c                PROVIDE (__start_pwr_mgmt_data, .)
 *(SORT(.pwr_mgmt_data*))
                0x0000000000031d1c                PROVIDE (__stop_pwr_mgmt_data, .)

.sdh_req_observers
                0x0000000000031d1c        0x0
                0x0000000000031d1c                PROVIDE (__start_sdh_req_observers, .)
 *(SORT(.sdh_req_observers*))
                0x0000000000031d1c                PROVIDE (__stop_sdh_req_observers, .)

.sdh_state_observers
                0x0000000000031d1c        0x8
                0x0000000000031d1c                PROVIDE (__start_sdh_state_observers, .)
 *(SORT(.sdh_state_observers*))
 .sdh_state_observers0
                0x0000000000031d1c        0x8 _build/nrf52840_xxaa/nrf_drv_clock.c.o
                0x0000000000031d24                PROVIDE (__stop_sdh_state_observers, .)

.sdh_stack_observers
                0x0000000000031d24       0x10
                0x0000000000031d24                PROVIDE (__start_sdh_stack_observers, .)
 *(SORT(.sdh_stack_observers*))
 .sdh_stack_observers0
                0x0000000000031d24        0x8 _build/nrf52840_xxaa/nrf_sdh_ble.c.o
 .sdh_stack_observers0
                0x0000000000031d2c        0x8 _build/nrf52840_xxaa/nrf_sdh_soc.c.o
                0x0000000000031d34                PROVIDE (__stop_sdh_stack_observers, .)

.nrf_queue      0x0000000000031d34        0x0
                [!provide]                        PROVIDE (__start_nrf_queue, .)
 *(.nrf_queue)
                [!provide]                        PROVIDE (__stop_nrf_queue, .)

.nrf_balloc     0x0000000000031d34       0x14
                [!provide]                        PROVIDE (__start_nrf_balloc, .)
 *(.nrf_balloc)
 .nrf_balloc    0x0000000000031d34       0x14 _build/nrf52840_xxaa/nrf_log_frontend.c.o
                0x0000000000031d34                log_mempool
                [!provide]                        PROVIDE (__stop_nrf_balloc, .)

.cli_command    0x0000000000031d48        0x0
                [!provide]                        PROVIDE (__start_cli_command, .)
 *(.cli_command)
                [!provide]                        PROVIDE (__stop_cli_command, .)

.crypto_data    0x0000000000031d48        0x0
                [!provide]                        PROVIDE (__start_crypto_data, .)
 *(SORT(.crypto_data*))
                [!provide]                        PROVIDE (__stop_crypto_data, .)

.log_const_data
                0x0000000000031d48       0x78
                0x0000000000031d48                PROVIDE (__start_log_const_data, .)
 *(SORT(.log_const_data*))
 .log_const_data_CLOCK
                0x0000000000031d48        0x8 _build/nrf52840_xxaa/nrfx_clock.c.o
                0x0000000000031d48                m_nrf_log_CLOCK_logs_data_const
 .log_const_data_GPIOTE
                0x0000000000031d50        0x8 _build/nrf52840_xxaa/nrfx_gpiote.c.o
                0x0000000000031d50                m_nrf_log_GPIOTE_logs_data_const
 .log_const_data_PRS
                0x0000000000031d58        0x8 _build/nrf52840_xxaa/nrfx_prs.c.o
                0x0000000000031d58                m_nrf_log_PRS_logs_data_const
 .log_const_data_SAADC
                0x0000000000031d60        0x8 _build/nrf52840_xxaa/nrfx_saadc.c.o
                0x0000000000031d60                m_nrf_log_SAADC_logs_data_const
 .log_const_data_TWIM
                0x0000000000031d68        0x8 _build/nrf52840_xxaa/nrfx_twim.c.o
                0x0000000000031d68                m_nrf_log_TWIM_logs_data_const
 .log_const_data_UART
                0x0000000000031d70        0x8 _build/nrf52840_xxaa/nrfx_uart.c.o
                0x0000000000031d70                m_nrf_log_UART_logs_data_const
 .log_const_data_UARTE
                0x0000000000031d78        0x8 _build/nrf52840_xxaa/nrfx_uarte.c.o
                0x0000000000031d78                m_nrf_log_UARTE_logs_data_const
 .log_const_data_app
                0x0000000000031d80        0x8 _build/nrf52840_xxaa/nrf_log_frontend.c.o
                0x0000000000031d80                m_nrf_log_app_logs_data_const
 .log_const_data_ble_nus
                0x0000000000031d88        0x8 _build/nrf52840_xxaa/ble_nus.c.o
                0x0000000000031d88                m_nrf_log_ble_nus_logs_data_const
 .log_const_data_clock
                0x0000000000031d90        0x8 _build/nrf52840_xxaa/nrf_drv_clock.c.o
                0x0000000000031d90                m_nrf_log_clock_logs_data_const
 .log_const_data_nrf_ble_gatt
                0x0000000000031d98        0x8 _build/nrf52840_xxaa/nrf_ble_gatt.c.o
                0x0000000000031d98                m_nrf_log_nrf_ble_gatt_logs_data_const
 .log_const_data_nrf_sdh
                0x0000000000031da0        0x8 _build/nrf52840_xxaa/nrf_sdh.c.o
                0x0000000000031da0                m_nrf_log_nrf_sdh_logs_data_const
 .log_const_data_nrf_sdh_ble
                0x0000000000031da8        0x8 _build/nrf52840_xxaa/nrf_sdh_ble.c.o
                0x0000000000031da8                m_nrf_log_nrf_sdh_ble_logs_data_const
 .log_const_data_nrf_sdh_soc
                0x0000000000031db0        0x8 _build/nrf52840_xxaa/nrf_sdh_soc.c.o
                0x0000000000031db0                m_nrf_log_nrf_sdh_soc_logs_data_const
 .log_const_data_pwr_mgmt
                0x0000000000031db8        0x8 _build/nrf52840_xxaa/nrf_pwr_mgmt.c.o
                0x0000000000031db8                m_nrf_log_pwr_mgmt_logs_data_const
                0x0000000000031dc0                PROVIDE (__stop_log_const_data, .)

.log_backends   0x0000000000031dc0       0x10
                [!provide]                        PROVIDE (__start_log_backends, .)
 *(SORT(.log_backends*))
 .log_backends  0x0000000000031dc0       0x10 _build/nrf52840_xxaa/nrf_log_default_backends.c.o
                [!provide]                        PROVIDE (__stop_log_backends, .)

.ARM.extab
 *(.ARM.extab* .gnu.linkonce.armextab.*)
                0x0000000000031dd0                __exidx_start = .

.ARM.exidx      0x0000000000031dd0        0x8
 *(.ARM.exidx* .gnu.linkonce.armexidx.*)
 .ARM.exidx     0x0000000000031dd0        0x8 /usr/local/gcc-arm/bin/../lib/gcc/arm-none-eabi/6.3.1/../../../../arm-none-eabi/lib/thumb/v7e-m/fpv4-sp/hard/crt0.o
 .ARM.exidx     0x0000000000031dd8        0x0 /usr/local/gcc-arm/bin/../lib/gcc/arm-none-eabi/6.3.1/thumb/v7e-m/fpv4-sp/hard/libgcc.a(_udivmoddi4.o)
                                          0x8 (size before relaxing)
                0x0000000000031dd8                __exidx_end = .
                0x0000000000031dd8                __etext = .

.rel.dyn        0x0000000000031dd8        0x0
 .rel.iplt      0x0000000000031dd8        0x0 /usr/local/gcc-arm/bin/../lib/gcc/arm-none-eabi/6.3.1/thumb/v7e-m/fpv4-sp/hard/crtbegin.o

.data           0x0000000020002a98      0x230 load address 0x0000000000031dd8
                0x0000000020002a98                __data_start__ = .
 *(vtable)
 *(.data*)
 .data.log_backend_cb_rtt_log_backend
                0x0000000020002a98        0x8 _build/nrf52840_xxaa/nrf_log_default_backends.c.o
 .data.app_uart_inst
                0x0000000020002aa0       0x14 _build/nrf52840_xxaa/app_uart_fifo.c.o
 .data.SystemCoreClock
                0x0000000020002ab4        0x4 _build/nrf52840_xxaa/system_nrf52840.c.o
                0x0000000020002ab4                SystemCoreClock
 .data.m_adv_uuids
                0x0000000020002ab8        0x4 _build/nrf52840_xxaa/main.c.o
 .data.m_conn_handle
                0x0000000020002abc        0x2 _build/nrf52840_xxaa/main.c.o
 *fill*         0x0000000020002abe        0x2 
 .data.m_nus    0x0000000020002ac0       0x1c _build/nrf52840_xxaa/main.c.o
 .data.m_nus_link_ctx_storage
                0x0000000020002adc        0x8 _build/nrf52840_xxaa/main.c.o
 .data.power_off_led_toggle.10957
                0x0000000020002ae4        0x1 _build/nrf52840_xxaa/jeegy2_timer.c.o
 .data.power_on_led_toggle.10973
                0x0000000020002ae5        0x1 _build/nrf52840_xxaa/jeegy2_timer.c.o
 .data.u8_accel_sense
                0x0000000020002ae6        0x1 _build/nrf52840_xxaa/jeegy2_device.c.o
                0x0000000020002ae6                u8_accel_sense
 *fill*         0x0000000020002ae7        0x1 
 .data._impure_ptr
                0x0000000020002ae8        0x4 /usr/local/gcc-arm/bin/../lib/gcc/arm-none-eabi/6.3.1/../../../../arm-none-eabi/lib/thumb/v7e-m/fpv4-sp/hard/libc_nano.a(lib_a-impure.o)
                0x0000000020002ae8                _impure_ptr
 .data.impure_data
                0x0000000020002aec       0x60 /usr/local/gcc-arm/bin/../lib/gcc/arm-none-eabi/6.3.1/../../../../arm-none-eabi/lib/thumb/v7e-m/fpv4-sp/hard/libc_nano.a(lib_a-impure.o)
 .data.__global_locale
                0x0000000020002b4c      0x16c /usr/local/gcc-arm/bin/../lib/gcc/arm-none-eabi/6.3.1/../../../../arm-none-eabi/lib/thumb/v7e-m/fpv4-sp/hard/libc_nano.a(lib_a-locale.o)
                0x0000000020002b4c                __global_locale
 .data.__fdlib_version
                0x0000000020002cb8        0x1 /usr/local/gcc-arm/bin/../lib/gcc/arm-none-eabi/6.3.1/../../../../arm-none-eabi/lib/thumb/v7e-m/fpv4-sp/hard/libm.a(lib_a-s_lib_ver.o)
                0x0000000020002cb8                __fdlib_version
                0x0000000020002cbc                . = ALIGN (0x4)
 *fill*         0x0000000020002cb9        0x3 
                0x0000000020002cbc                PROVIDE (__preinit_array_start, .)
 *(.preinit_array)
                0x0000000020002cbc                PROVIDE (__preinit_array_end, .)
                0x0000000020002cbc                . = ALIGN (0x4)
                0x0000000020002cbc                PROVIDE (__init_array_start, .)
 *(SORT(.init_array.*))
 *(.init_array)
 .init_array    0x0000000020002cbc        0x4 /usr/local/gcc-arm/bin/../lib/gcc/arm-none-eabi/6.3.1/thumb/v7e-m/fpv4-sp/hard/crtbegin.o
                0x0000000020002cc0                PROVIDE (__init_array_end, .)
                0x0000000020002cc0                . = ALIGN (0x4)
                [!provide]                        PROVIDE (__fini_array_start, .)
 *(SORT(.fini_array.*))
 *(.fini_array)
 .fini_array    0x0000000020002cc0        0x4 /usr/local/gcc-arm/bin/../lib/gcc/arm-none-eabi/6.3.1/thumb/v7e-m/fpv4-sp/hard/crtbegin.o
                [!provide]                        PROVIDE (__fini_array_end, .)
 *(.jcr*)
 .jcr           0x0000000020002cc4        0x0 /usr/local/gcc-arm/bin/../lib/gcc/arm-none-eabi/6.3.1/thumb/v7e-m/fpv4-sp/hard/crtbegin.o
 .jcr           0x0000000020002cc4        0x4 /usr/local/gcc-arm/bin/../lib/gcc/arm-none-eabi/6.3.1/thumb/v7e-m/fpv4-sp/hard/crtend.o
                0x0000000020002cc8                . = ALIGN (0x4)
                0x0000000020002cc8                __data_end__ = .
LOAD /usr/local/gcc-arm/bin/../lib/gcc/arm-none-eabi/6.3.1/thumb/v7e-m/fpv4-sp/hard/crti.o
LOAD /usr/local/gcc-arm/bin/../lib/gcc/arm-none-eabi/6.3.1/thumb/v7e-m/fpv4-sp/hard/crtbegin.o
LOAD /usr/local/gcc-arm/bin/../lib/gcc/arm-none-eabi/6.3.1/../../../../arm-none-eabi/lib/thumb/v7e-m/fpv4-sp/hard/crt0.o
LOAD _build/nrf52840_xxaa/gcc_startup_nrf52840.S.o
LOAD _build/nrf52840_xxaa/nrf_log_backend_rtt.c.o
LOAD _build/nrf52840_xxaa/nrf_log_backend_serial.c.o
LOAD _build/nrf52840_xxaa/nrf_log_default_backends.c.o
LOAD _build/nrf52840_xxaa/nrf_log_frontend.c.o
LOAD _build/nrf52840_xxaa/nrf_log_str_formatter.c.o
LOAD _build/nrf52840_xxaa/app_button.c.o
LOAD _build/nrf52840_xxaa/app_error.c.o
LOAD _build/nrf52840_xxaa/app_error_handler_gcc.c.o
LOAD _build/nrf52840_xxaa/app_error_weak.c.o
LOAD _build/nrf52840_xxaa/app_fifo.c.o
LOAD _build/nrf52840_xxaa/app_scheduler.c.o
LOAD _build/nrf52840_xxaa/app_timer.c.o
LOAD _build/nrf52840_xxaa/app_uart_fifo.c.o
LOAD _build/nrf52840_xxaa/app_util_platform.c.o
LOAD _build/nrf52840_xxaa/hardfault_implementation.c.o
LOAD _build/nrf52840_xxaa/nrf_assert.c.o
LOAD _build/nrf52840_xxaa/nrf_atfifo.c.o
LOAD _build/nrf52840_xxaa/nrf_atflags.c.o
LOAD _build/nrf52840_xxaa/nrf_atomic.c.o
LOAD _build/nrf52840_xxaa/nrf_balloc.c.o
LOAD _build/nrf52840_xxaa/nrf_fprintf.c.o
LOAD _build/nrf52840_xxaa/nrf_fprintf_format.c.o
LOAD _build/nrf52840_xxaa/nrf_memobj.c.o
LOAD _build/nrf52840_xxaa/nrf_pwr_mgmt.c.o
LOAD _build/nrf52840_xxaa/nrf_ringbuf.c.o
LOAD _build/nrf52840_xxaa/nrf_section_iter.c.o
LOAD _build/nrf52840_xxaa/nrf_strerror.c.o
LOAD _build/nrf52840_xxaa/nrf_drv_twi.c.o
LOAD _build/nrf52840_xxaa/retarget.c.o
LOAD _build/nrf52840_xxaa/system_nrf52840.c.o
LOAD _build/nrf52840_xxaa/boards.c.o
LOAD _build/nrf52840_xxaa/nrf_drv_clock.c.o
LOAD _build/nrf52840_xxaa/nrf_drv_uart.c.o
LOAD _build/nrf52840_xxaa/nrfx_atomic.c.o
LOAD _build/nrf52840_xxaa/nrfx_clock.c.o
LOAD _build/nrf52840_xxaa/nrfx_gpiote.c.o
LOAD _build/nrf52840_xxaa/nrfx_prs.c.o
LOAD _build/nrf52840_xxaa/nrfx_twi.c.o
LOAD _build/nrf52840_xxaa/nrfx_twim.c.o
LOAD _build/nrf52840_xxaa/nrfx_uart.c.o
LOAD _build/nrf52840_xxaa/nrfx_uarte.c.o
LOAD _build/nrf52840_xxaa/bsp.c.o
LOAD _build/nrf52840_xxaa/bsp_btn_ble.c.o
LOAD _build/nrf52840_xxaa/nrfx_saadc.c.o
LOAD _build/nrf52840_xxaa/main.c.o
LOAD _build/nrf52840_xxaa/jeegy2_timer.c.o
LOAD _build/nrf52840_xxaa/jeegy2_device.c.o
LOAD _build/nrf52840_xxaa/SEGGER_RTT.c.o
LOAD _build/nrf52840_xxaa/SEGGER_RTT_Syscalls_GCC.c.o
LOAD _build/nrf52840_xxaa/SEGGER_RTT_printf.c.o
LOAD _build/nrf52840_xxaa/ble_advdata.c.o
LOAD _build/nrf52840_xxaa/ble_advertising.c.o
LOAD _build/nrf52840_xxaa/ble_conn_params.c.o
LOAD _build/nrf52840_xxaa/ble_conn_state.c.o
LOAD _build/nrf52840_xxaa/ble_link_ctx_manager.c.o
LOAD _build/nrf52840_xxaa/ble_srv_common.c.o
LOAD _build/nrf52840_xxaa/nrf_ble_gatt.c.o
LOAD _build/nrf52840_xxaa/nrf_ble_qwr.c.o
LOAD _build/nrf52840_xxaa/utf.c.o
LOAD _build/nrf52840_xxaa/ble_nus.c.o
LOAD _build/nrf52840_xxaa/nrf_sdh.c.o
LOAD _build/nrf52840_xxaa/nrf_sdh_ble.c.o
LOAD _build/nrf52840_xxaa/nrf_sdh_soc.c.o
LOAD /usr/local/gcc-arm/bin/../lib/gcc/arm-none-eabi/6.3.1/../../../../arm-none-eabi/lib/thumb/v7e-m/fpv4-sp/hard/libc_nano.a
LOAD /usr/local/gcc-arm/bin/../lib/gcc/arm-none-eabi/6.3.1/../../../../arm-none-eabi/lib/thumb/v7e-m/fpv4-sp/hard/libnosys.a
LOAD /usr/local/gcc-arm/bin/../lib/gcc/arm-none-eabi/6.3.1/../../../../arm-none-eabi/lib/thumb/v7e-m/fpv4-sp/hard/libm.a
START GROUP
LOAD /usr/local/gcc-arm/bin/../lib/gcc/arm-none-eabi/6.3.1/thumb/v7e-m/fpv4-sp/hard/libgcc.a
LOAD /usr/local/gcc-arm/bin/../lib/gcc/arm-none-eabi/6.3.1/../../../../arm-none-eabi/lib/thumb/v7e-m/fpv4-sp/hard/libg_nano.a
LOAD /usr/local/gcc-arm/bin/../lib/gcc/arm-none-eabi/6.3.1/../../../../arm-none-eabi/lib/thumb/v7e-m/fpv4-sp/hard/libc_nano.a
END GROUP
START GROUP
LOAD /usr/local/gcc-arm/bin/../lib/gcc/arm-none-eabi/6.3.1/thumb/v7e-m/fpv4-sp/hard/libgcc.a
LOAD /usr/local/gcc-arm/bin/../lib/gcc/arm-none-eabi/6.3.1/../../../../arm-none-eabi/lib/thumb/v7e-m/fpv4-sp/hard/libc_nano.a
END GROUP
LOAD /usr/local/gcc-arm/bin/../lib/gcc/arm-none-eabi/6.3.1/thumb/v7e-m/fpv4-sp/hard/crtend.o
LOAD /usr/local/gcc-arm/bin/../lib/gcc/arm-none-eabi/6.3.1/thumb/v7e-m/fpv4-sp/hard/crtn.o
START GROUP
LOAD /usr/local/gcc-arm/bin/../lib/gcc/arm-none-eabi/6.3.1/thumb/v7e-m/fpv4-sp/hard/libgcc.a
LOAD /usr/local/gcc-arm/bin/../lib/gcc/arm-none-eabi/6.3.1/../../../../arm-none-eabi/lib/thumb/v7e-m/fpv4-sp/hard/libc.a
LOAD /usr/local/gcc-arm/bin/../lib/gcc/arm-none-eabi/6.3.1/../../../../arm-none-eabi/lib/thumb/v7e-m/fpv4-sp/hard/libnosys.a
END GROUP

.igot.plt       0x0000000020002cc8        0x0 load address 0x0000000000032008
 .igot.plt      0x0000000020002cc8        0x0 /usr/local/gcc-arm/bin/../lib/gcc/arm-none-eabi/6.3.1/thumb/v7e-m/fpv4-sp/hard/crtbegin.o
                0x0000000020002cc8                . = ALIGN (0x4)

.mem_section_dummy_ram

.cli_sorted_cmd_ptrs
                0x0000000020002cc8        0x0
                [!provide]                        PROVIDE (__start_cli_sorted_cmd_ptrs, .)
 *(.cli_sorted_cmd_ptrs)
                [!provide]                        PROVIDE (__stop_cli_sorted_cmd_ptrs, .)

.fs_data        0x0000000020002cc8        0x0
                [!provide]                        PROVIDE (__start_fs_data, .)
 *(.fs_data)
                [!provide]                        PROVIDE (__stop_fs_data, .)

.log_dynamic_data
                0x0000000020002cc8        0x0
                0x0000000020002cc8                PROVIDE (__start_log_dynamic_data, .)
 *(SORT(.log_dynamic_data*))
                [!provide]                        PROVIDE (__stop_log_dynamic_data, .)

.log_filter_data
                0x0000000020002cc8        0x0
                [!provide]                        PROVIDE (__start_log_filter_data, .)
 *(SORT(.log_filter_data*))
                [!provide]                        PROVIDE (__stop_log_filter_data, .)

.bss            0x0000000020002cc8     0x1358 load address 0x0000000000032008
                0x0000000020002cc8                . = ALIGN (0x4)
                0x0000000020002cc8                __bss_start__ = .
 *(.bss*)
 .bss           0x0000000020002cc8       0x1c /usr/local/gcc-arm/bin/../lib/gcc/arm-none-eabi/6.3.1/thumb/v7e-m/fpv4-sp/hard/crtbegin.o
 .bss.m_host_present
                0x0000000020002ce4        0x1 _build/nrf52840_xxaa/nrf_log_backend_rtt.c.o
 *fill*         0x0000000020002ce5        0x3 
 .bss.m_string_buff
                0x0000000020002ce8       0x40 _build/nrf52840_xxaa/nrf_log_backend_rtt.c.o
 .bss.log_mempool_nrf_balloc_cb
                0x0000000020002d28        0x8 _build/nrf52840_xxaa/nrf_log_frontend.c.o
 .bss.log_mempool_nrf_balloc_pool_mem
                0x0000000020002d30       0xc0 _build/nrf52840_xxaa/nrf_log_frontend.c.o
 .bss.log_mempool_nrf_balloc_pool_stack
                0x0000000020002df0        0x8 _build/nrf52840_xxaa/nrf_log_frontend.c.o
 .bss.m_log_data
                0x0000000020002df8      0x424 _build/nrf52840_xxaa/nrf_log_frontend.c.o
 .bss.m_log_push_ringbuf_buf
                0x000000002000321c       0x80 _build/nrf52840_xxaa/nrf_log_frontend.c.o
 .bss.m_log_push_ringbuf_cb
                0x000000002000329c       0x18 _build/nrf52840_xxaa/nrf_log_frontend.c.o
 .bss.m_button_count
                0x00000000200032b4        0x1 _build/nrf52840_xxaa/app_button.c.o
 *fill*         0x00000000200032b5        0x3 
 .bss.m_detection_delay
                0x00000000200032b8        0x4 _build/nrf52840_xxaa/app_button.c.o
 .bss.m_detection_delay_timer_id_data
                0x00000000200032bc       0x20 _build/nrf52840_xxaa/app_button.c.o
 *fill*         0x00000000200032dc        0x4 
 .bss.m_pin_state
                0x00000000200032e0        0x8 _build/nrf52840_xxaa/app_button.c.o
 .bss.m_pin_transition